Archive member included to satisfy reference by file (symbol)

/Applications/ArmGNUToolchain/15.2.rel1/arm-none-eabi/bin/../lib/gcc/arm-none-eabi/15.2.1/../../../../arm-none-eabi/lib/thumb/v7e-m+fp/hard/libg.a(libc_a-exit.o)
                              /Applications/ArmGNUToolchain/15.2.rel1/arm-none-eabi/bin/../lib/gcc/arm-none-eabi/15.2.1/../../../../arm-none-eabi/lib/thumb/v7e-m+fp/hard/crt0.o (exit)
/Applications/ArmGNUToolchain/15.2.rel1/arm-none-eabi/bin/../lib/gcc/arm-none-eabi/15.2.1/../../../../arm-none-eabi/lib/thumb/v7e-m+fp/hard/libg.a(libc_a-strtoul.o)
                              CMakeFiles/JD2_real.dir/Core/Src/main.c.obj (strtoul)
/Applications/ArmGNUToolchain/15.2.rel1/arm-none-eabi/bin/../lib/gcc/arm-none-eabi/15.2.1/../../../../arm-none-eabi/lib/thumb/v7e-m+fp/hard/libg.a(libc_a-snprintf.o)
                              CMakeFiles/JD2_real.dir/Core/Src/main.c.obj (snprintf)
/Applications/ArmGNUToolchain/15.2.rel1/arm-none-eabi/bin/../lib/gcc/arm-none-eabi/15.2.1/../../../../arm-none-eabi/lib/thumb/v7e-m+fp/hard/libg.a(libc_a-findfp.o)
                              /Applications/ArmGNUToolchain/15.2.rel1/arm-none-eabi/bin/../lib/gcc/arm-none-eabi/15.2.1/../../../../arm-none-eabi/lib/thumb/v7e-m+fp/hard/libg.a(libc_a-exit.o) (__stdio_exit_handler)
/Applications/ArmGNUToolchain/15.2.rel1/arm-none-eabi/bin/../lib/gcc/arm-none-eabi/15.2.1/../../../../arm-none-eabi/lib/thumb/v7e-m+fp/hard/libg.a(libc_a-memset.o)
                              /Applications/ArmGNUToolchain/15.2.rel1/arm-none-eabi/bin/../lib/gcc/arm-none-eabi/15.2.1/../../../../arm-none-eabi/lib/thumb/v7e-m+fp/hard/crt0.o (memset)
/Applications/ArmGNUToolchain/15.2.rel1/arm-none-eabi/bin/../lib/gcc/arm-none-eabi/15.2.1/../../../../arm-none-eabi/lib/thumb/v7e-m+fp/hard/libg.a(libc_a-strncmp.o)
                              CMakeFiles/JD2_real.dir/Core/Src/main.c.obj (strncmp)
/Applications/ArmGNUToolchain/15.2.rel1/arm-none-eabi/bin/../lib/gcc/arm-none-eabi/15.2.1/../../../../arm-none-eabi/lib/thumb/v7e-m+fp/hard/libg.a(libc_a-impure.o)
                              /Applications/ArmGNUToolchain/15.2.rel1/arm-none-eabi/bin/../lib/gcc/arm-none-eabi/15.2.1/../../../../arm-none-eabi/lib/thumb/v7e-m+fp/hard/libg.a(libc_a-strtoul.o) (_impure_ptr)
/Applications/ArmGNUToolchain/15.2.rel1/arm-none-eabi/bin/../lib/gcc/arm-none-eabi/15.2.1/../../../../arm-none-eabi/lib/thumb/v7e-m+fp/hard/libg.a(libc_a-errno.o)
                              CMakeFiles/JD2_real.dir/Core/Src/sysmem.c.obj (__errno)
/Applications/ArmGNUToolchain/15.2.rel1/arm-none-eabi/bin/../lib/gcc/arm-none-eabi/15.2.1/../../../../arm-none-eabi/lib/thumb/v7e-m+fp/hard/libg.a(libc_a-init.o)
                              /Applications/ArmGNUToolchain/15.2.rel1/arm-none-eabi/bin/../lib/gcc/arm-none-eabi/15.2.1/../../../../arm-none-eabi/lib/thumb/v7e-m+fp/hard/crt0.o (__libc_init_array)
/Applications/ArmGNUToolchain/15.2.rel1/arm-none-eabi/bin/../lib/gcc/arm-none-eabi/15.2.1/../../../../arm-none-eabi/lib/thumb/v7e-m+fp/hard/libg.a(libc_a-lock.o)
                              /Applications/ArmGNUToolchain/15.2.rel1/arm-none-eabi/bin/../lib/gcc/arm-none-eabi/15.2.1/../../../../arm-none-eabi/lib/thumb/v7e-m+fp/hard/libg.a(libc_a-findfp.o) (__retarget_lock_init_recursive)
/Applications/ArmGNUToolchain/15.2.rel1/arm-none-eabi/bin/../lib/gcc/arm-none-eabi/15.2.1/../../../../arm-none-eabi/lib/thumb/v7e-m+fp/hard/libg.a(libc_a-__call_atexit.o)
                              /Applications/ArmGNUToolchain/15.2.rel1/arm-none-eabi/bin/../lib/gcc/arm-none-eabi/15.2.1/../../../../arm-none-eabi/lib/thumb/v7e-m+fp/hard/libg.a(libc_a-exit.o) (__call_exitprocs)
/Applications/ArmGNUToolchain/15.2.rel1/arm-none-eabi/bin/../lib/gcc/arm-none-eabi/15.2.1/../../../../arm-none-eabi/lib/thumb/v7e-m+fp/hard/libg.a(libc_a-ctype_.o)
                              /Applications/ArmGNUToolchain/15.2.rel1/arm-none-eabi/bin/../lib/gcc/arm-none-eabi/15.2.1/../../../../arm-none-eabi/lib/thumb/v7e-m+fp/hard/libg.a(libc_a-strtoul.o) (_ctype_)
/Applications/ArmGNUToolchain/15.2.rel1/arm-none-eabi/bin/../lib/gcc/arm-none-eabi/15.2.1/../../../../arm-none-eabi/lib/thumb/v7e-m+fp/hard/libg.a(libc_a-atexit.o)
                              /Applications/ArmGNUToolchain/15.2.rel1/arm-none-eabi/bin/../lib/gcc/arm-none-eabi/15.2.1/../../../../arm-none-eabi/lib/thumb/v7e-m+fp/hard/libg.a(libc_a-__call_atexit.o) (atexit)
/Applications/ArmGNUToolchain/15.2.rel1/arm-none-eabi/bin/../lib/gcc/arm-none-eabi/15.2.1/../../../../arm-none-eabi/lib/thumb/v7e-m+fp/hard/libg.a(libc_a-mallocr.o)
                              /Applications/ArmGNUToolchain/15.2.rel1/arm-none-eabi/bin/../lib/gcc/arm-none-eabi/15.2.1/../../../../arm-none-eabi/lib/thumb/v7e-m+fp/hard/libg.a(libc_a-findfp.o) (_malloc_r)
/Applications/ArmGNUToolchain/15.2.rel1/arm-none-eabi/bin/../lib/gcc/arm-none-eabi/15.2.1/../../../../arm-none-eabi/lib/thumb/v7e-m+fp/hard/libg.a(libc_a-svfprintf.o)
[...]
Memory Configuration

Name             Origin             Length             Attributes
RAM              0x20000000         0x0001c000         xrw
FLASH            0x08000000         0x00080000         xr
*default*        0x00000000         0xffffffff

Linker script and memory map

LOAD /Applications/ArmGNUToolchain/15.2.rel1/arm-none-eabi/bin/../lib/gcc/arm-none-eabi/15.2.1/thumb/v7e-m+fp/hard/crti.o
LOAD /Applications/ArmGNUToolchain/15.2.rel1/arm-none-eabi/bin/../lib/gcc/arm-none-eabi/15.2.1/thumb/v7e-m+fp/hard/crtbegin.o
LOAD /Applications/ArmGNUToolchain/15.2.rel1/arm-none-eabi/bin/../lib/gcc/arm-none-eabi/15.2.1/../../../../arm-none-eabi/lib/thumb/v7e-m+fp/hard/crt0.o
LOAD cmake/stm32cubemx/CMakeFiles/STM32_Drivers.dir/__/__/Core/Src/system_stm32g4xx.c.obj
LOAD cmake/stm32cubemx/CMakeFiles/STM32_Drivers.dir/__/__/Drivers/STM32G4xx_HAL_Driver/Src/stm32g4xx_hal_pcd.c.obj
LOAD cmake/stm32cubemx/CMakeFiles/STM32_Drivers.dir/__/__/Drivers/STM32G4xx_HAL_Driver/Src/stm32g4xx_hal_pcd_ex.c.obj
LOAD cmake/stm32cubemx/CMakeFiles/STM32_Drivers.dir/__/__/Drivers/STM32G4xx_HAL_Driver/Src/stm32g4xx_ll_usb.c.obj
LOAD cmake/stm32cubemx/CMakeFiles/STM32_Drivers.dir/__/__/Drivers/STM32G4xx_HAL_Driver/Src/stm32g4xx_hal.c.obj
LOAD cmake/stm32cubemx/CMakeFiles/STM32_Drivers.dir/__/__/Drivers/STM32G4xx_HAL_Driver/Src/stm32g4xx_hal_rcc.c.obj
LOAD cmake/stm32cubemx/CMakeFiles/STM32_Drivers.dir/__/__/Drivers/STM32G4xx_HAL_Driver/Src/stm32g4xx_hal_rcc_ex.c.obj
LOAD cmake/stm32cubemx/CMakeFiles/STM32_Drivers.dir/__/__/Drivers/STM32G4xx_HAL_Driver/Src/stm32g4xx_hal_flash.c.obj
LOAD cmake/stm32cubemx/CMakeFiles/STM32_Drivers.dir/__/__/Drivers/STM32G4xx_HAL_Driver/Src/stm32g4xx_hal_flash_ex.c.obj
LOAD cmake/stm32cubemx/CMakeFiles/STM32_Drivers.dir/__/__/Drivers/STM32G4xx_HAL_Driver/Src/stm32g4xx_hal_flash_ramfunc.c.obj
LOAD cmake/stm32cubemx/CMakeFiles/STM32_Drivers.dir/__/__/Drivers/STM32G4xx_HAL_Driver/Src/stm32g4xx_hal_gpio.c.obj
LOAD cmake/stm32cubemx/CMakeFiles/STM32_Drivers.dir/__/__/Drivers/STM32G4xx_HAL_Driver/Src/stm32g4xx_hal_exti.c.obj
LOAD cmake/stm32cubemx/CMakeFiles/STM32_Drivers.dir/__/__/Drivers/STM32G4xx_HAL_Driver/Src/stm32g4xx_hal_dma.c.obj
LOAD cmake/stm32cubemx/CMakeFiles/STM32_Drivers.dir/__/__/Drivers/STM32G4xx_HAL_Driver/Src/stm32g4xx_hal_dma_ex.c.obj
LOAD cmake/stm32cubemx/CMakeFiles/STM32_Drivers.dir/__/__/Drivers/STM32G4xx_HAL_Driver/Src/stm32g4xx_hal_pwr.c.obj
LOAD cmake/stm32cubemx/CMakeFiles/STM32_Drivers.dir/__/__/Drivers/STM32G4xx_HAL_Driver/Src/stm32g4xx_hal_pwr_ex.c.obj
LOAD cmake/stm32cubemx/CMakeFiles/STM32_Drivers.dir/__/__/Drivers/STM32G4xx_HAL_Driver/Src/stm32g4xx_hal_cortex.c.obj
LOAD cmake/stm32cubemx/CMakeFiles/STM32_Drivers.dir/__/__/Drivers/STM32G4xx_HAL_Driver/Src/stm32g4xx_hal_adc.c.obj
LOAD cmake/stm32cubemx/CMakeFiles/STM32_Drivers.dir/__/__/Drivers/STM32G4xx_HAL_Driver/Src/stm32g4xx_hal_adc_ex.c.obj
LOAD cmake/stm32cubemx/CMakeFiles/STM32_Drivers.dir/__/__/Drivers/STM32G4xx_HAL_Driver/Src/stm32g4xx_ll_adc.c.obj
LOAD cmake/stm32cubemx/CMakeFiles/STM32_Drivers.dir/__/__/Drivers/STM32G4xx_HAL_Driver/Src/stm32g4xx_hal_tim.c.obj
LOAD cmake/stm32cubemx/CMakeFiles/STM32_Drivers.dir/__/__/Drivers/STM32G4xx_HAL_Driver/Src/stm32g4xx_hal_tim_ex.c.obj
LOAD cmake/stm32cubemx/CMakeFiles/USB_Device_Library.dir/__/__/Middlewares/ST/STM32_USB_Device_Library/Core/Src/usbd_core.c.obj
LOAD cmake/stm32cubemx/CMakeFiles/USB_Device_Library.dir/__/__/Middlewares/ST/STM32_USB_Device_Library/Core/Src/usbd_ctlreq.c.obj
LOAD cmake/stm32cubemx/CMakeFiles/USB_Device_Library.dir/__/__/Middlewares/ST/STM32_USB_Device_Library/Core/Src/usbd_ioreq.c.obj
LOAD cmake/stm32cubemx/CMakeFiles/USB_Device_Library.dir/__/__/Middlewares/ST/STM32_USB_Device_Library/Class/CDC/Src/usbd_cdc.c.obj
LOAD CMakeFiles/JD2_real.dir/USB_Device/Target/usbd_conf.c.obj
LOAD CMakeFiles/JD2_real.dir/USB_Device/App/usb_device.c.obj
LOAD CMakeFiles/JD2_real.dir/USB_Device/App/usbd_desc.c.obj
LOAD CMakeFiles/JD2_real.dir/USB_Device/App/usbd_cdc_if.c.obj
LOAD CMakeFiles/JD2_real.dir/Core/Src/main.c.obj
LOAD CMakeFiles/JD2_real.dir/Core/Src/gpio.c.obj
LOAD CMakeFiles/JD2_real.dir/Core/Src/adc.c.obj
LOAD CMakeFiles/JD2_real.dir/Core/Src/tim.c.obj
LOAD CMakeFiles/JD2_real.dir/Core/Src/stm32g4xx_it.c.obj
LOAD CMakeFiles/JD2_real.dir/Core/Src/stm32g4xx_hal_msp.c.obj
LOAD CMakeFiles/JD2_real.dir/Core/Src/sysmem.c.obj
LOAD CMakeFiles/JD2_real.dir/Core/Src/syscalls.c.obj
LOAD CMakeFiles/JD2_real.dir/Core/Src/encoder.c.obj
LOAD CMakeFiles/JD2_real.dir/Core/Src/buttons.c.obj
LOAD CMakeFiles/JD2_real.dir/startup_stm32g491xx.s.obj
LOAD /Applications/ArmGNUToolchain/15.2.rel1/arm-none-eabi/bin/../lib/gcc/arm-none-eabi/15.2.1/../../../../arm-none-eabi/lib/thumb/v7e-m+fp/hard/libm.a
START GROUP
LOAD /Applications/ArmGNUToolchain/15.2.rel1/arm-none-eabi/bin/../lib/gcc/arm-none-eabi/15.2.1/thumb/v7e-m+fp/hard/libgcc.a
LOAD /Applications/ArmGNUToolchain/15.2.rel1/arm-none-eabi/bin/../lib/gcc/arm-none-eabi/15.2.1/../../../../arm-none-eabi/lib/thumb/v7e-m+fp/hard/libg.a
LOAD /Applications/ArmGNUToolchain/15.2.rel1/arm-none-eabi/bin/../lib/gcc/arm-none-eabi/15.2.1/../../../../arm-none-eabi/lib/thumb/v7e-m+fp/hard/libc.a
END GROUP
LOAD /Applications/ArmGNUToolchain/15.2.rel1/arm-none-eabi/bin/../lib/gcc/arm-none-eabi/15.2.1/thumb/v7e-m+fp/hard/crtend.o
LOAD /Applications/ArmGNUToolchain/15.2.rel1/arm-none-eabi/bin/../lib/gcc/arm-none-eabi/15.2.1/thumb/v7e-m+fp/hard/crtn.o
                0x2001c000                        _estack = (ORIGIN (RAM) + LENGTH (RAM))
                0x00000200                        _Min_Heap_Size = 0x200
                0x00000400                        _Min_Stack_Size = 0x400

.isr_vector     0x08000000      0x1d8
                0x08000000                        . = ALIGN (0x4)
 *(.isr_vector)
 .isr_vector    0x08000000      0x1d8 CMakeFiles/JD2_real.dir/startup_stm32g491xx.s.obj
                0x08000000                g_pfnVectors
                0x080001d8                        . = ALIGN (0x4)

.text           0x08000200    0x11880
                0x08000200                        . = ALIGN (0x4)
 *(.text)
 .text          0x08000200       0xa0 /Applications/ArmGNUToolchain/15.2.rel1/arm-none-eabi/bin/../lib/gcc/arm-none-eabi/15.2.1/../../../../arm-none-eabi/lib/thumb/v7e-m+fp/hard/libg.a(libc_a-memchr.o)
                0x08000200                memchr
 *fill*         0x080002a0       0x20 
 .text          0x080002c0       0xd8 /Applications/ArmGNUToolchain/15.2.rel1/arm-none-eabi/bin/../lib/gcc/arm-none-eabi/15.2.1/../../../../arm-none-eabi/lib/thumb/v7e-m+fp/hard/libg.a(libc_a-strlen.o)
                0x080002c0                strlen
 .text          0x08000398      0x134 /Applications/ArmGNUToolchain/15.2.rel1/arm-none-eabi/bin/../lib/gcc/arm-none-eabi/15.2.1/../../../../arm-none-eabi/lib/thumb/v7e-m+fp/hard/libg.a(libc_a-memcpy.o)
                0x08000398                memcpy
 .text          0x080004cc      0x378 /Applications/ArmGNUToolchain/15.2.rel1/arm-none-eabi/bin/../lib/gcc/arm-none-eabi/15.2.1/thumb/v7e-m+fp/hard/libgcc.a(_arm_addsubdf3.o)
                0x080004cc                __aeabi_drsub
                0x080004d4                __subdf3
                0x080004d4                __aeabi_dsub
                0x080004d8                __aeabi_dadd
                0x080004d8                __adddf3
                0x08000750                __aeabi_ui2d
                0x08000750                __floatunsidf
                0x08000770                __floatsidf
                0x08000770                __aeabi_i2d
                0x08000794                __extendsfdf2
                0x08000794                __aeabi_f2d
                0x080007d8                __aeabi_ul2d
                0x080007d8                __floatundidf
                0x080007e8                __aeabi_l2d
                0x080007e8                __floatdidf
 .text          0x08000844      0x424 /Applications/ArmGNUToolchain/15.2.rel1/arm-none-eabi/bin/../lib/gcc/arm-none-eabi/15.2.1/thumb/v7e-m+fp/hard/libgcc.a(_arm_muldivdf3.o)
                0x08000844                __aeabi_dmul
                0x08000844                __muldf3
                0x08000a98                __aeabi_ddiv
                0x08000a98                __divdf3
 .text          0x08000c68      0x110 /Applications/ArmGNUToolchain/15.2.rel1/arm-none-eabi/bin/../lib/gcc/arm-none-eabi/15.2.1/thumb/v7e-m+fp/hard/libgcc.a(_arm_cmpdf2.o)
                0x08000c68                __gedf2
                0x08000c68                __gtdf2
                0x08000c70                __ledf2
                0x08000c70                __ltdf2
                0x08000c78                __cmpdf2
                0x08000c78                __eqdf2
                0x08000c78                __nedf2
                0x08000cf4                __aeabi_cdrcmple
                0x08000d04                __aeabi_cdcmple
                0x08000d04                __aeabi_cdcmpeq
                0x08000d14                __aeabi_dcmpeq
                0x08000d28                __aeabi_dcmplt
                0x08000d3c                __aeabi_dcmple
                0x08000d50                __aeabi_dcmpge
                0x08000d64                __aeabi_dcmpgt
 .text          0x08000d78       0x2c /Applications/ArmGNUToolchain/15.2.rel1/arm-none-eabi/bin/../lib/gcc/arm-none-eabi/15.2.1/thumb/v7e-m+fp/hard/libgcc.a(_arm_unorddf2.o)
                0x08000d78                __aeabi_dcmpun
                0x08000d78                __unorddf2
 .text          0x08000da4       0x50 /Applications/ArmGNUToolchain/15.2.rel1/arm-none-eabi/bin/../lib/gcc/arm-none-eabi/15.2.1/thumb/v7e-m+fp/hard/libgcc.a(_arm_fixdfsi.o)
                0x08000da4                __fixdfsi
                0x08000da4                __aeabi_d2iz
 *(.text*)
 .text.deregister_tm_clones
                0x08000df4       0x1c /Applications/ArmGNUToolchain/15.2.rel1/arm-none-eabi/bin/../lib/gcc/arm-none-eabi/15.2.1/thumb/v7e-m+fp/hard/crtbegin.o
 .text.register_tm_clones
                0x08000e10       0x24 /Applications/ArmGNUToolchain/15.2.rel1/arm-none-eabi/bin/../lib/gcc/arm-none-eabi/15.2.1/thumb/v7e-m+fp/hard/crtbegin.o
 .text.__do_global_dtors_aux
                0x08000e34       0x28 /Applications/ArmGNUToolchain/15.2.rel1/arm-none-eabi/bin/../lib/gcc/arm-none-eabi/15.2.1/thumb/v7e-m+fp/hard/crtbegin.o
 .text.frame_dummy
                0x08000e5c       0x24 /Applications/ArmGNUToolchain/15.2.rel1/arm-none-eabi/bin/../lib/gcc/arm-none-eabi/15.2.1/thumb/v7e-m+fp/hard/crtbegin.o
 .text.SystemInit
                0x08000e80       0x20 cmake/stm32cubemx/CMakeFiles/STM32_Drivers.dir/__/__/Core/Src/system_stm32g4xx.c.obj
                0x08000e80                SystemInit
 .text.HAL_PCD_Init
                0x08000ea0      0x19c cmake/stm32cubemx/CMakeFiles/STM32_Drivers.dir/__/__/Drivers/STM32G4xx_HAL_Driver/Src/stm32g4xx_hal_pcd.c.obj
                0x08000ea0                HAL_PCD_Init
 .text.HAL_PCD_Start
                0x0800103c       0x44 cmake/stm32cubemx/CMakeFiles/STM32_Drivers.dir/__/__/Drivers/STM32G4xx_HAL_Driver/Src/stm32g4xx_hal_pcd.c.obj
                0x0800103c                HAL_PCD_Start
 .text.HAL_PCD_IRQHandler
                0x08001080      0x24e cmake/stm32cubemx/CMakeFiles/STM32_Drivers.dir/__/__/Drivers/STM32G4xx_HAL_Driver/Src/stm32g4xx_hal_pcd.c.obj
                0x08001080                HAL_PCD_IRQHandler
 .text.HAL_PCD_SetAddress
                0x080012ce       0x48 cmake/stm32cubemx/CMakeFiles/STM32_Drivers.dir/__/__/Drivers/STM32G4xx_HAL_Driver/Src/stm32g4xx_hal_pcd.c.obj
                0x080012ce                HAL_PCD_SetAddress
 .text.HAL_PCD_EP_Open
                0x08001316       0xbe cmake/stm32cubemx/CMakeFiles/STM32_Drivers.dir/__/__/Drivers/STM32G4xx_HAL_Driver/Src/stm32g4xx_hal_pcd.c.obj
                0x08001316                HAL_PCD_EP_Open
 .text.HAL_PCD_EP_Close
                0x080013d4       0x90 cmake/stm32cubemx/CMakeFiles/STM32_Drivers.dir/__/__/Drivers/STM32G4xx_HAL_Driver/Src/stm32g4xx_hal_pcd.c.obj
                0x080013d4                HAL_PCD_EP_Close
 .text.HAL_PCD_EP_Receive
                0x08001464       0x62 cmake/stm32cubemx/CMakeFiles/STM32_Drivers.dir/__/__/Drivers/STM32G4xx_HAL_Driver/Src/stm32g4xx_hal_pcd.c.obj
                0x08001464                HAL_PCD_EP_Receive
 .text.HAL_PCD_EP_GetRxCount
                0x080014c6       0x2e cmake/stm32cubemx/CMakeFiles/STM32_Drivers.dir/__/__/Drivers/STM32G4xx_HAL_Driver/Src/stm32g4xx_hal_pcd.c.obj
                0x080014c6                HAL_PCD_EP_GetRxCount
 .text.HAL_PCD_EP_Transmit
                0x080014f4       0x6e cmake/stm32cubemx/CMakeFiles/STM32_Drivers.dir/__/__/Drivers/STM32G4xx_HAL_Driver/Src/stm32g4xx_hal_pcd.c.obj
                0x080014f4                HAL_PCD_EP_Transmit
 .text.HAL_PCD_EP_SetStall
                0x08001562       0xa4 cmake/stm32cubemx/CMakeFiles/STM32_Drivers.dir/__/__/Drivers/STM32G4xx_HAL_Driver/Src/stm32g4xx_hal_pcd.c.obj
                0x08001562                HAL_PCD_EP_SetStall
 .text.HAL_PCD_EP_ClrStall
                0x08001606       0xa8 cmake/stm32cubemx/CMakeFiles/STM32_Drivers.dir/__/__/Drivers/STM32G4xx_HAL_Driver/Src/stm32g4xx_hal_pcd.c.obj
                0x08001606                HAL_PCD_EP_ClrStall
 .text.PCD_EP_ISR_Handler
                0x080016ae      0x68e cmake/stm32cubemx/CMakeFiles/STM32_Drivers.dir/__/__/Drivers/STM32G4xx_HAL_Driver/Src/stm32g4xx_hal_pcd.c.obj
 .text.HAL_PCD_EP_DB_Receive
                0x08001d3c      0x212 cmake/stm32cubemx/CMakeFiles/STM32_Drivers.dir/__/__/Drivers/STM32G4xx_HAL_Driver/Src/stm32g4xx_hal_pcd.c.obj
 .text.HAL_PCD_EP_DB_Transmit
                0x08001f4e      0x878 cmake/stm32cubemx/CMakeFiles/STM32_Drivers.dir/__/__/Drivers/STM32G4xx_HAL_Driver/Src/stm32g4xx_hal_pcd.c.obj
 .text.HAL_PCDEx_PMAConfig
                0x080027c6       0x84 cmake/stm32cubemx/CMakeFiles/STM32_Drivers.dir/__/__/Drivers/STM32G4xx_HAL_Driver/Src/stm32g4xx_hal_pcd_ex.c.obj
                0x080027c6                HAL_PCDEx_PMAConfig
 .text.HAL_PCDEx_ActivateLPM
                0x0800284a       0x52 cmake/stm32cubemx/CMakeFiles/STM32_Drivers.dir/__/__/Drivers/STM32G4xx_HAL_Driver/Src/stm32g4xx_hal_pcd_ex.c.obj
                0x0800284a                HAL_PCDEx_ActivateLPM
 .text.USB_EnableGlobalInt
                0x0800289c       0x2c cmake/stm32cubemx/CMakeFiles/STM32_Drivers.dir/__/__/Drivers/STM32G4xx_HAL_Driver/Src/stm32g4xx_ll_usb.c.obj
                0x0800289c                USB_EnableGlobalInt
 .text.USB_DisableGlobalInt
                0x080028c8       0x34 cmake/stm32cubemx/CMakeFiles/STM32_Drivers.dir/__/__/Drivers/STM32G4xx_HAL_Driver/Src/stm32g4xx_ll_usb.c.obj
                0x080028c8                USB_DisableGlobalInt
 .text.USB_DevInit
                0x080028fc       0x3a cmake/stm32cubemx/CMakeFiles/STM32_Drivers.dir/__/__/Drivers/STM32G4xx_HAL_Driver/Src/stm32g4xx_ll_usb.c.obj
                0x080028fc                USB_DevInit
 .text.USB_ActivateEndpoint
                0x08002936      0x9cc cmake/stm32cubemx/CMakeFiles/STM32_Drivers.dir/__/__/Drivers/STM32G4xx_HAL_Driver/Src/stm32g4xx_ll_usb.c.obj
                0x08002936                USB_ActivateEndpoint
 .text.USB_DeactivateEndpoint
                0x08003302      0x3d8 cmake/stm32cubemx/CMakeFiles/STM32_Drivers.dir/__/__/Drivers/STM32G4xx_HAL_Driver/Src/stm32g4xx_ll_usb.c.obj
                0x08003302                USB_DeactivateEndpoint
 .text.USB_EPStartXfer
                0x080036da      0xb5e cmake/stm32cubemx/CMakeFiles/STM32_Drivers.dir/__/__/Drivers/STM32G4xx_HAL_Driver/Src/stm32g4xx_ll_usb.c.obj
                0x080036da                USB_EPStartXfer
 .text.USB_EPSetStall
                0x08004238       0xa0 cmake/stm32cubemx/CMakeFiles/STM32_Drivers.dir/__/__/Drivers/STM32G4xx_HAL_Driver/Src/stm32g4xx_ll_usb.c.obj
                0x08004238                USB_EPSetStall
 .text.USB_EPClearStall
                0x080042d8      0x150 cmake/stm32cubemx/CMakeFiles/STM32_Drivers.dir/__/__/Drivers/STM32G4xx_HAL_Driver/Src/stm32g4xx_ll_usb.c.obj
                0x080042d8                USB_EPClearStall
 .text.USB_SetDevAddress
                0x08004428       0x26 cmake/stm32cubemx/CMakeFiles/STM32_Drivers.dir/__/__/Drivers/STM32G4xx_HAL_Driver/Src/stm32g4xx_ll_usb.c.obj
                0x08004428                USB_SetDevAddress
 .text.USB_DevConnect
                0x0800444e       0x2c cmake/stm32cubemx/CMakeFiles/STM32_Drivers.dir/__/__/Drivers/STM32G4xx_HAL_Driver/Src/stm32g4xx_ll_usb.c.obj
                0x0800444e                USB_DevConnect
 .text.USB_ReadInterrupts
                0x0800447a       0x1e cmake/stm32cubemx/CMakeFiles/STM32_Drivers.dir/__/__/Drivers/STM32G4xx_HAL_Driver/Src/stm32g4xx_ll_usb.c.obj
                0x0800447a                USB_ReadInterrupts
 .text.USB_WritePMA
                0x08004498       0x84 cmake/stm32cubemx/CMakeFiles/STM32_Drivers.dir/__/__/Drivers/STM32G4xx_HAL_Driver/Src/stm32g4xx_ll_usb.c.obj
                0x08004498                USB_WritePMA
 .text.USB_ReadPMA
                0x0800451c       0x96 cmake/stm32cubemx/CMakeFiles/STM32_Drivers.dir/__/__/Drivers/STM32G4xx_HAL_Driver/Src/stm32g4xx_ll_usb.c.obj
                0x0800451c                USB_ReadPMA
 .text.HAL_Init
                0x080045b2       0x30 cmake/stm32cubemx/CMakeFiles/STM32_Drivers.dir/__/__/Drivers/STM32G4xx_HAL_Driver/Src/stm32g4xx_hal.c.obj
                0x080045b2                HAL_Init
 *fill*         0x080045e2        0x2 
 .text.HAL_InitTick
                0x080045e4       0x74 cmake/stm32cubemx/CMakeFiles/STM32_Drivers.dir/__/__/Drivers/STM32G4xx_HAL_Driver/Src/stm32g4xx_hal.c.obj
                0x080045e4                HAL_InitTick
 .text.HAL_IncTick
                0x08004658       0x24 cmake/stm32cubemx/CMakeFiles/STM32_Drivers.dir/__/__/Drivers/STM32G4xx_HAL_Driver/Src/stm32g4xx_hal.c.obj
                0x08004658                HAL_IncTick
 .text.HAL_GetTick
                0x0800467c       0x14 cmake/stm32cubemx/CMakeFiles/STM32_Drivers.dir/__/__/Drivers/STM32G4xx_HAL_Driver/Src/stm32g4xx_hal.c.obj
                0x0800467c                HAL_GetTick
 .text.HAL_RCC_OscConfig
                0x08004690      0x624 cmake/stm32cubemx/CMakeFiles/STM32_Drivers.dir/__/__/Drivers/STM32G4xx_HAL_Driver/Src/stm32g4xx_hal_rcc.c.obj
                0x08004690                HAL_RCC_OscConfig
 .text.HAL_RCC_ClockConfig
                0x08004cb4      0x278 cmake/stm32cubemx/CMakeFiles/STM32_Drivers.dir/__/__/Drivers/STM32G4xx_HAL_Driver/Src/stm32g4xx_hal_rcc.c.obj
                0x08004cb4                HAL_RCC_ClockConfig
 .text.HAL_RCC_GetSysClockFreq
                0x08004f2c       0xc0 cmake/stm32cubemx/CMakeFiles/STM32_Drivers.dir/__/__/Drivers/STM32G4xx_HAL_Driver/Src/stm32g4xx_hal_rcc.c.obj
                0x08004f2c                HAL_RCC_GetSysClockFreq
 .text.RCC_GetSysClockFreqFromPLLSource
                0x08004fec       0x8c cmake/stm32cubemx/CMakeFiles/STM32_Drivers.dir/__/__/Drivers/STM32G4xx_HAL_Driver/Src/stm32g4xx_hal_rcc.c.obj
 .text.HAL_RCCEx_PeriphCLKConfig
                0x08005078      0x478 cmake/stm32cubemx/CMakeFiles/STM32_Drivers.dir/__/__/Drivers/STM32G4xx_HAL_Driver/Src/stm32g4xx_hal_rcc_ex.c.obj
                0x08005078                HAL_RCCEx_PeriphCLKConfig
 .text.HAL_GPIO_Init
                0x080054f0      0x304 cmake/stm32cubemx/CMakeFiles/STM32_Drivers.dir/__/__/Drivers/STM32G4xx_HAL_Driver/Src/stm32g4xx_hal_gpio.c.obj
                0x080054f0                HAL_GPIO_Init
 .text.HAL_GPIO_ReadPin
                0x080057f4       0x2e cmake/stm32cubemx/CMakeFiles/STM32_Drivers.dir/__/__/Drivers/STM32G4xx_HAL_Driver/Src/stm32g4xx_hal_gpio.c.obj
                0x080057f4                HAL_GPIO_ReadPin
 .text.HAL_GPIO_WritePin
                0x08005822       0x2e cmake/stm32cubemx/CMakeFiles/STM32_Drivers.dir/__/__/Drivers/STM32G4xx_HAL_Driver/Src/stm32g4xx_hal_gpio.c.obj
                0x08005822                HAL_GPIO_WritePin
 .text.HAL_PWREx_ControlVoltageScaling
                0x08005850      0x148 cmake/stm32cubemx/CMakeFiles/STM32_Drivers.dir/__/__/Drivers/STM32G4xx_HAL_Driver/Src/stm32g4xx_hal_pwr_ex.c.obj
                0x08005850                HAL_PWREx_ControlVoltageScaling
 .text.HAL_PWREx_DisableUCPDDeadBattery
                0x08005998       0x1c cmake/stm32cubemx/CMakeFiles/STM32_Drivers.dir/__/__/Drivers/STM32G4xx_HAL_Driver/Src/stm32g4xx_hal_pwr_ex.c.obj
                0x08005998                HAL_PWREx_DisableUCPDDeadBattery
 .text.__NVIC_SetPriorityGrouping
                0x080059b4       0x48 cmake/stm32cubemx/CMakeFiles/STM32_Drivers.dir/__/__/Drivers/STM32G4xx_HAL_Driver/Src/stm32g4xx_hal_cortex.c.obj
 .text.__NVIC_GetPriorityGrouping
                0x080059fc       0x1c cmake/stm32cubemx/CMakeFiles/STM32_Drivers.dir/__/__/Drivers/STM32G4xx_HAL_Driver/Src/stm32g4xx_hal_cortex.c.obj
 .text.__NVIC_EnableIRQ
                0x08005a18       0x38 cmake/stm32cubemx/CMakeFiles/STM32_Drivers.dir/__/__/Drivers/STM32G4xx_HAL_Driver/Src/stm32g4xx_hal_cortex.c.obj
 .text.__NVIC_SetPriority
                0x08005a50       0x54 cmake/stm32cubemx/CMakeFiles/STM32_Drivers.dir/__/__/Drivers/STM32G4xx_HAL_Driver/Src/stm32g4xx_hal_cortex.c.obj
 .text.NVIC_EncodePriority
                0x08005aa4       0x6e cmake/stm32cubemx/CMakeFiles/STM32_Drivers.dir/__/__/Drivers/STM32G4xx_HAL_Driver/Src/stm32g4xx_hal_cortex.c.obj
 *fill*         0x08005b12        0x2 
 .text.SysTick_Config
                0x08005b14       0x44 cmake/stm32cubemx/CMakeFiles/STM32_Drivers.dir/__/__/Drivers/STM32G4xx_HAL_Driver/Src/stm32g4xx_hal_cortex.c.obj
 .text.HAL_NVIC_SetPriorityGrouping
                0x08005b58       0x16 cmake/stm32cubemx/CMakeFiles/STM32_Drivers.dir/__/__/Drivers/STM32G4xx_HAL_Driver/Src/stm32g4xx_hal_cortex.c.obj
                0x08005b58                HAL_NVIC_SetPriorityGrouping
 .text.HAL_NVIC_SetPriority
                0x08005b6e       0x34 cmake/stm32cubemx/CMakeFiles/STM32_Drivers.dir/__/__/Drivers/STM32G4xx_HAL_Driver/Src/stm32g4xx_hal_cortex.c.obj
                0x08005b6e                HAL_NVIC_SetPriority
 .text.HAL_NVIC_EnableIRQ
                0x08005ba2       0x1c cmake/stm32cubemx/CMakeFiles/STM32_Drivers.dir/__/__/Drivers/STM32G4xx_HAL_Driver/Src/stm32g4xx_hal_cortex.c.obj
                0x08005ba2                HAL_NVIC_EnableIRQ
 .text.HAL_SYSTICK_Config
                0x08005bbe       0x18 cmake/stm32cubemx/CMakeFiles/STM32_Drivers.dir/__/__/Drivers/STM32G4xx_HAL_Driver/Src/stm32g4xx_hal_cortex.c.obj
                0x08005bbe                HAL_SYSTICK_Config
 .text.LL_ADC_SetCommonClock
                0x08005bd6       0x24 cmake/stm32cubemx/CMakeFiles/STM32_Drivers.dir/__/__/Drivers/STM32G4xx_HAL_Driver/Src/stm32g4xx_hal_adc.c.obj
 .text.LL_ADC_SetCommonPathInternalCh
                0x08005bfa       0x24 cmake/stm32cubemx/CMakeFiles/STM32_Drivers.dir/__/__/Drivers/STM32G4xx_HAL_Driver/Src/stm32g4xx_hal_adc.c.obj
 .text.LL_ADC_GetCommonPathInternalCh
                0x08005c1e       0x1a cmake/stm32cubemx/CMakeFiles/STM32_Drivers.dir/__/__/Drivers/STM32G4xx_HAL_Driver/Src/stm32g4xx_hal_adc.c.obj
 .text.LL_ADC_SetOffset
                0x08005c38       0x48 cmake/stm32cubemx/CMakeFiles/STM32_Drivers.dir/__/__/Drivers/STM32G4xx_HAL_Driver/Src/stm32g4xx_hal_adc.c.obj
 .text.LL_ADC_GetOffsetChannel
                0x08005c80       0x2a cmake/stm32cubemx/CMakeFiles/STM32_Drivers.dir/__/__/Drivers/STM32G4xx_HAL_Driver/Src/stm32g4xx_hal_adc.c.obj
 .text.LL_ADC_SetOffsetState
                0x08005caa       0x34 cmake/stm32cubemx/CMakeFiles/STM32_Drivers.dir/__/__/Drivers/STM32G4xx_HAL_Driver/Src/stm32g4xx_hal_adc.c.obj
 .text.LL_ADC_SetOffsetSign
                0x08005cde       0x34 cmake/stm32cubemx/CMakeFiles/STM32_Drivers.dir/__/__/Drivers/STM32G4xx_HAL_Driver/Src/stm32g4xx_hal_adc.c.obj
 .text.LL_ADC_SetOffsetSaturation
                0x08005d12       0x34 cmake/stm32cubemx/CMakeFiles/STM32_Drivers.dir/__/__/Drivers/STM32G4xx_HAL_Driver/Src/stm32g4xx_hal_adc.c.obj
 .text.LL_ADC_SetSamplingTimeCommonConfig
                0x08005d46       0x24 cmake/stm32cubemx/CMakeFiles/STM32_Drivers.dir/__/__/Drivers/STM32G4xx_HAL_Driver/Src/stm32g4xx_hal_adc.c.obj
 .text.LL_ADC_REG_SetSequencerRanks
                0x08005d6a       0x56 cmake/stm32cubemx/CMakeFiles/STM32_Drivers.dir/__/__/Drivers/STM32G4xx_HAL_Driver/Src/stm32g4xx_hal_adc.c.obj
 .text.LL_ADC_SetChannelSamplingTime
                0x08005dc0       0x54 cmake/stm32cubemx/CMakeFiles/STM32_Drivers.dir/__/__/Drivers/STM32G4xx_HAL_Driver/Src/stm32g4xx_hal_adc.c.obj
 .text.LL_ADC_SetChannelSingleDiff
                0x08005e14       0x44 cmake/stm32cubemx/CMakeFiles/STM32_Drivers.dir/__/__/Drivers/STM32G4xx_HAL_Driver/Src/stm32g4xx_hal_adc.c.obj
 .text.LL_ADC_DisableDeepPowerDown
                0x08005e58       0x22 cmake/stm32cubemx/CMakeFiles/STM32_Drivers.dir/__/__/Drivers/STM32G4xx_HAL_Driver/Src/stm32g4xx_hal_adc.c.obj
 .text.LL_ADC_IsDeepPowerDownEnabled
                0x08005e7a       0x26 cmake/stm32cubemx/CMakeFiles/STM32_Drivers.dir/__/__/Drivers/STM32G4xx_HAL_Driver/Src/stm32g4xx_hal_adc.c.obj
 .text.LL_ADC_EnableInternalRegulator
                0x08005ea0       0x26 cmake/stm32cubemx/CMakeFiles/STM32_Drivers.dir/__/__/Drivers/STM32G4xx_HAL_Driver/Src/stm32g4xx_hal_adc.c.obj
 .text.LL_ADC_IsInternalRegulatorEnabled
                0x08005ec6       0x26 cmake/stm32cubemx/CMakeFiles/STM32_Drivers.dir/__/__/Drivers/STM32G4xx_HAL_Driver/Src/stm32g4xx_hal_adc.c.obj
 .text.LL_ADC_Disable
                0x08005eec       0x26 cmake/stm32cubemx/CMakeFiles/STM32_Drivers.dir/__/__/Drivers/STM32G4xx_HAL_Driver/Src/stm32g4xx_hal_adc.c.obj
 .text.LL_ADC_IsEnabled
                0x08005f12       0x24 cmake/stm32cubemx/CMakeFiles/STM32_Drivers.dir/__/__/Drivers/STM32G4xx_HAL_Driver/Src/stm32g4xx_hal_adc.c.obj
 .text.LL_ADC_IsDisableOngoing
                0x08005f36       0x24 cmake/stm32cubemx/CMakeFiles/STM32_Drivers.dir/__/__/Drivers/STM32G4xx_HAL_Driver/Src/stm32g4xx_hal_adc.c.obj
 .text.LL_ADC_REG_IsConversionOngoing
                0x08005f5a       0x24 cmake/stm32cubemx/CMakeFiles/STM32_Drivers.dir/__/__/Drivers/STM32G4xx_HAL_Driver/Src/stm32g4xx_hal_adc.c.obj
 .text.LL_ADC_INJ_IsConversionOngoing
                0x08005f7e       0x24 cmake/stm32cubemx/CMakeFiles/STM32_Drivers.dir/__/__/Drivers/STM32G4xx_HAL_Driver/Src/stm32g4xx_hal_adc.c.obj
 *fill*         0x08005fa2        0x2 
 .text.HAL_ADC_Init
                0x08005fa4      0x35c cmake/stm32cubemx/CMakeFiles/STM32_Drivers.dir/__/__/Drivers/STM32G4xx_HAL_Driver/Src/stm32g4xx_hal_adc.c.obj
                0x08005fa4                HAL_ADC_Init
 .text.HAL_ADC_ConfigChannel
                0x08006300      0x85c cmake/stm32cubemx/CMakeFiles/STM32_Drivers.dir/__/__/Drivers/STM32G4xx_HAL_Driver/Src/stm32g4xx_hal_adc.c.obj
                0x08006300                HAL_ADC_ConfigChannel
 .text.ADC_Disable
                0x08006b5c       0xbe cmake/stm32cubemx/CMakeFiles/STM32_Drivers.dir/__/__/Drivers/STM32G4xx_HAL_Driver/Src/stm32g4xx_hal_adc.c.obj
                0x08006b5c                ADC_Disable
 .text.LL_ADC_IsEnabled
                0x08006c1a       0x24 cmake/stm32cubemx/CMakeFiles/STM32_Drivers.dir/__/__/Drivers/STM32G4xx_HAL_Driver/Src/stm32g4xx_hal_adc_ex.c.obj
 .text.LL_ADC_StartCalibration
                0x08006c3e       0x30 cmake/stm32cubemx/CMakeFiles/STM32_Drivers.dir/__/__/Drivers/STM32G4xx_HAL_Driver/Src/stm32g4xx_hal_adc_ex.c.obj
 .text.LL_ADC_IsCalibrationOnGoing
                0x08006c6e       0x26 cmake/stm32cubemx/CMakeFiles/STM32_Drivers.dir/__/__/Drivers/STM32G4xx_HAL_Driver/Src/stm32g4xx_hal_adc_ex.c.obj
 .text.LL_ADC_REG_IsConversionOngoing
                0x08006c94       0x24 cmake/stm32cubemx/CMakeFiles/STM32_Drivers.dir/__/__/Drivers/STM32G4xx_HAL_Driver/Src/stm32g4xx_hal_adc_ex.c.obj
 .text.HAL_ADCEx_Calibration_Start
                0x08006cb8       0xc4 cmake/stm32cubemx/CMakeFiles/STM32_Drivers.dir/__/__/Drivers/STM32G4xx_HAL_Driver/Src/stm32g4xx_hal_adc_ex.c.obj
                0x08006cb8                HAL_ADCEx_Calibration_Start
 .text.HAL_ADCEx_MultiModeConfigChannel
                0x08006d7c      0x1d0 cmake/stm32cubemx/CMakeFiles/STM32_Drivers.dir/__/__/Drivers/STM32G4xx_HAL_Driver/Src/stm32g4xx_hal_adc_ex.c.obj
                0x08006d7c                HAL_ADCEx_MultiModeConfigChannel
 .text.HAL_TIM_Encoder_Init
                0x08006f4c      0x14c cmake/stm32cubemx/CMakeFiles/STM32_Drivers.dir/__/__/Drivers/STM32G4xx_HAL_Driver/Src/stm32g4xx_hal_tim.c.obj
                0x08006f4c                HAL_TIM_Encoder_Init
 .text.HAL_TIM_Encoder_Start
                0x08007098      0x11c cmake/stm32cubemx/CMakeFiles/STM32_Drivers.dir/__/__/Drivers/STM32G4xx_HAL_Driver/Src/stm32g4xx_hal_tim.c.obj
                0x08007098                HAL_TIM_Encoder_Start
 .text.TIM_Base_SetConfig
                0x080071b4      0x150 cmake/stm32cubemx/CMakeFiles/STM32_Drivers.dir/__/__/Drivers/STM32G4xx_HAL_Driver/Src/stm32g4xx_hal_tim.c.obj
                0x080071b4                TIM_Base_SetConfig
 .text.TIM_CCxChannelCmd
                0x08007304       0x48 cmake/stm32cubemx/CMakeFiles/STM32_Drivers.dir/__/__/Drivers/STM32G4xx_HAL_Driver/Src/stm32g4xx_hal_tim.c.obj
                0x08007304                TIM_CCxChannelCmd
 .text.HAL_TIMEx_MasterConfigSynchronization
                0x0800734c      0x11c cmake/stm32cubemx/CMakeFiles/STM32_Drivers.dir/__/__/Drivers/STM32G4xx_HAL_Driver/Src/stm32g4xx_hal_tim_ex.c.obj
                0x0800734c                HAL_TIMEx_MasterConfigSynchronization
 .text.USBD_Init
                0x08007468       0x60 cmake/stm32cubemx/CMakeFiles/USB_Device_Library.dir/__/__/Middlewares/ST/STM32_USB_Device_Library/Core/Src/usbd_core.c.obj
                0x08007468                USBD_Init
 .text.USBD_RegisterClass
                0x080074c8       0x4e cmake/stm32cubemx/CMakeFiles/USB_Device_Library.dir/__/__/Middlewares/ST/STM32_USB_Device_Library/Core/Src/usbd_core.c.obj
                0x080074c8                USBD_RegisterClass
 .text.USBD_Start
                0x08007516       0x18 cmake/stm32cubemx/CMakeFiles/USB_Device_Library.dir/__/__/Middlewares/ST/STM32_USB_Device_Library/Core/Src/usbd_core.c.obj
                0x08007516                USBD_Start
 .text.USBD_RunTestMode
                0x0800752e       0x14 cmake/stm32cubemx/CMakeFiles/USB_Device_Library.dir/__/__/Middlewares/ST/STM32_USB_Device_Library/Core/Src/usbd_core.c.obj
                0x0800752e                USBD_RunTestMode
 .text.USBD_SetClassConfig
                0x08007542       0x38 cmake/stm32cubemx/CMakeFiles/USB_Device_Library.dir/__/__/Middlewares/ST/STM32_USB_Device_Library/Core/Src/usbd_core.c.obj
                0x08007542                USBD_SetClassConfig
 .text.USBD_ClrClassConfig
                0x0800757a       0x30 cmake/stm32cubemx/CMakeFiles/USB_Device_Library.dir/__/__/Middlewares/ST/STM32_USB_Device_Library/Core/Src/usbd_core.c.obj
                0x0800757a                USBD_ClrClassConfig
 .text.USBD_LL_SetupStage
                0x080075aa       0xaa cmake/stm32cubemx/CMakeFiles/USB_Device_Library.dir/__/__/Middlewares/ST/STM32_USB_Device_Library/Core/Src/usbd_core.c.obj
                0x080075aa                USBD_LL_SetupStage
 .text.USBD_LL_DataOutStage
                0x08007654       0xc6 cmake/stm32cubemx/CMakeFiles/USB_Device_Library.dir/__/__/Middlewares/ST/STM32_USB_Device_Library/Core/Src/usbd_core.c.obj
                0x08007654                USBD_LL_DataOutStage
 .text.USBD_LL_DataInStage
                0x0800771a      0x12c cmake/stm32cubemx/CMakeFiles/USB_Device_Library.dir/__/__/Middlewares/ST/STM32_USB_Device_Library/Core/Src/usbd_core.c.obj
                0x0800771a                USBD_LL_DataInStage
 .text.USBD_LL_Reset
                0x08007846       0x9c cmake/stm32cubemx/CMakeFiles/USB_Device_Library.dir/__/__/Middlewares/ST/STM32_USB_Device_Library/Core/Src/usbd_core.c.obj
                0x08007846                USBD_LL_Reset
 .text.USBD_LL_SetSpeed
                0x080078e2       0x1e cmake/stm32cubemx/CMakeFiles/USB_Device_Library.dir/__/__/Middlewares/ST/STM32_USB_Device_Library/Core/Src/usbd_core.c.obj
                0x080078e2                USBD_LL_SetSpeed
 .text.USBD_LL_Suspend
                0x08007900       0x2a cmake/stm32cubemx/CMakeFiles/USB_Device_Library.dir/__/__/Middlewares/ST/STM32_USB_Device_Library/Core/Src/usbd_core.c.obj
                0x08007900                USBD_LL_Suspend
 .text.USBD_LL_Resume
                0x0800792a       0x2e cmake/stm32cubemx/CMakeFiles/USB_Device_Library.dir/__/__/Middlewares/ST/STM32_USB_Device_Library/Core/Src/usbd_core.c.obj
                0x0800792a                USBD_LL_Resume
 .text.USBD_LL_SOF
                0x08007958       0x44 cmake/stm32cubemx/CMakeFiles/USB_Device_Library.dir/__/__/Middlewares/ST/STM32_USB_Device_Library/Core/Src/usbd_core.c.obj
                0x08007958                USBD_LL_SOF
 .text.SWAPBYTE
                0x0800799c       0x3c cmake/stm32cubemx/CMakeFiles/USB_Device_Library.dir/__/__/Middlewares/ST/STM32_USB_Device_Library/Core/Src/usbd_ctlreq.c.obj
 .text.USBD_StdDevReq
                0x080079d8       0xda cmake/stm32cubemx/CMakeFiles/USB_Device_Library.dir/__/__/Middlewares/ST/STM32_USB_Device_Library/Core/Src/usbd_ctlreq.c.obj
                0x080079d8                USBD_StdDevReq
 .text.USBD_StdItfReq
                0x08007ab2       0x92 cmake/stm32cubemx/CMakeFiles/USB_Device_Library.dir/__/__/Middlewares/ST/STM32_USB_Device_Library/Core/Src/usbd_ctlreq.c.obj
                0x08007ab2                USBD_StdItfReq
 .text.USBD_StdEPReq
                0x08007b44      0x2c8 cmake/stm32cubemx/CMakeFiles/USB_Device_Library.dir/__/__/Middlewares/ST/STM32_USB_Device_Library/Core/Src/usbd_ctlreq.c.obj
                0x08007b44                USBD_StdEPReq
 .text.USBD_GetDescriptor
                0x08007e0c      0x320 cmake/stm32cubemx/CMakeFiles/USB_Device_Library.dir/__/__/Middlewares/ST/STM32_USB_Device_Library/Core/Src/usbd_ctlreq.c.obj
 .text.USBD_SetAddress
                0x0800812c       0x88 cmake/stm32cubemx/CMakeFiles/USB_Device_Library.dir/__/__/Middlewares/ST/STM32_USB_Device_Library/Core/Src/usbd_ctlreq.c.obj
 .text.USBD_SetConfig
                0x080081b4      0x14c cmake/stm32cubemx/CMakeFiles/USB_Device_Library.dir/__/__/Middlewares/ST/STM32_USB_Device_Library/Core/Src/usbd_ctlreq.c.obj
 .text.USBD_GetConfig
                0x08008300       0x6c cmake/stm32cubemx/CMakeFiles/USB_Device_Library.dir/__/__/Middlewares/ST/STM32_USB_Device_Library/Core/Src/usbd_ctlreq.c.obj
 .text.USBD_GetStatus
                0x0800836c       0x68 cmake/stm32cubemx/CMakeFiles/USB_Device_Library.dir/__/__/Middlewares/ST/STM32_USB_Device_Library/Core/Src/usbd_ctlreq.c.obj
 .text.USBD_SetFeature
                0x080083d4       0x28 cmake/stm32cubemx/CMakeFiles/USB_Device_Library.dir/__/__/Middlewares/ST/STM32_USB_Device_Library/Core/Src/usbd_ctlreq.c.obj
 .text.USBD_ClrFeature
                0x080083fc       0x44 cmake/stm32cubemx/CMakeFiles/USB_Device_Library.dir/__/__/Middlewares/ST/STM32_USB_Device_Library/Core/Src/usbd_ctlreq.c.obj
 .text.USBD_ParseSetupRequest
                0x08008440       0x74 cmake/stm32cubemx/CMakeFiles/USB_Device_Library.dir/__/__/Middlewares/ST/STM32_USB_Device_Library/Core/Src/usbd_ctlreq.c.obj
                0x08008440                USBD_ParseSetupRequest
 .text.USBD_CtlError
                0x080084b4       0x22 cmake/stm32cubemx/CMakeFiles/USB_Device_Library.dir/__/__/Middlewares/ST/STM32_USB_Device_Library/Core/Src/usbd_ctlreq.c.obj
                0x080084b4                USBD_CtlError
 .text.USBD_GetString
                0x080084d6       0x8c cmake/stm32cubemx/CMakeFiles/USB_Device_Library.dir/__/__/Middlewares/ST/STM32_USB_Device_Library/Core/Src/usbd_ctlreq.c.obj
                0x080084d6                USBD_GetString
 .text.USBD_GetLen
                0x08008562       0x32 cmake/stm32cubemx/CMakeFiles/USB_Device_Library.dir/__/__/Middlewares/ST/STM32_USB_Device_Library/Core/Src/usbd_ctlreq.c.obj
 .text.USBD_CtlSendData
                0x08008594       0x36 cmake/stm32cubemx/CMakeFiles/USB_Device_Library.dir/__/__/Middlewares/ST/STM32_USB_Device_Library/Core/Src/usbd_ioreq.c.obj
                0x08008594                USBD_CtlSendData
 .text.USBD_CtlContinueSendData
                0x080085ca       0x22 cmake/stm32cubemx/CMakeFiles/USB_Device_Library.dir/__/__/Middlewares/ST/STM32_USB_Device_Library/Core/Src/usbd_ioreq.c.obj
                0x080085ca                USBD_CtlContinueSendData
 .text.USBD_CtlPrepareRx
                0x080085ec       0x3a cmake/stm32cubemx/CMakeFiles/USB_Device_Library.dir/__/__/Middlewares/ST/STM32_USB_Device_Library/Core/Src/usbd_ioreq.c.obj
                0x080085ec                USBD_CtlPrepareRx
 .text.USBD_CtlContinueRx
                0x08008626       0x22 cmake/stm32cubemx/CMakeFiles/USB_Device_Library.dir/__/__/Middlewares/ST/STM32_USB_Device_Library/Core/Src/usbd_ioreq.c.obj
                0x08008626                USBD_CtlContinueRx
 .text.USBD_CtlSendStatus
                0x08008648       0x26 cmake/stm32cubemx/CMakeFiles/USB_Device_Library.dir/__/__/Middlewares/ST/STM32_USB_Device_Library/Core/Src/usbd_ioreq.c.obj
                0x08008648                USBD_CtlSendStatus
 .text.USBD_CtlReceiveStatus
                0x0800866e       0x26 cmake/stm32cubemx/CMakeFiles/USB_Device_Library.dir/__/__/Middlewares/ST/STM32_USB_Device_Library/Core/Src/usbd_ioreq.c.obj
                0x0800866e                USBD_CtlReceiveStatus
 .text.USBD_CDC_Init
                0x08008694       0xfe cmake/stm32cubemx/CMakeFiles/USB_Device_Library.dir/__/__/Middlewares/ST/STM32_USB_Device_Library/Class/CDC/Src/usbd_cdc.c.obj
 .text.USBD_CDC_DeInit
                0x08008792       0x74 cmake/stm32cubemx/CMakeFiles/USB_Device_Library.dir/__/__/Middlewares/ST/STM32_USB_Device_Library/Class/CDC/Src/usbd_cdc.c.obj
 .text.USBD_CDC_Setup
                0x08008806      0x16e cmake/stm32cubemx/CMakeFiles/USB_Device_Library.dir/__/__/Middlewares/ST/STM32_USB_Device_Library/Class/CDC/Src/usbd_cdc.c.obj
 .text.USBD_CDC_DataIn
                0x08008974       0xca cmake/stm32cubemx/CMakeFiles/USB_Device_Library.dir/__/__/Middlewares/ST/STM32_USB_Device_Library/Class/CDC/Src/usbd_cdc.c.obj
 .text.USBD_CDC_DataOut
                0x08008a3e       0x56 cmake/stm32cubemx/CMakeFiles/USB_Device_Library.dir/__/__/Middlewares/ST/STM32_USB_Device_Library/Class/CDC/Src/usbd_cdc.c.obj
 .text.USBD_CDC_EP0_RxReady
                0x08008a94       0x58 cmake/stm32cubemx/CMakeFiles/USB_Device_Library.dir/__/__/Middlewares/ST/STM32_USB_Device_Library/Class/CDC/Src/usbd_cdc.c.obj
 .text.USBD_CDC_GetFSCfgDesc
                0x08008aec       0x20 cmake/stm32cubemx/CMakeFiles/USB_Device_Library.dir/__/__/Middlewares/ST/STM32_USB_Device_Library/Class/CDC/Src/usbd_cdc.c.obj
 .text.USBD_CDC_GetHSCfgDesc
                0x08008b0c       0x20 cmake/stm32cubemx/CMakeFiles/USB_Device_Library.dir/__/__/Middlewares/ST/STM32_USB_Device_Library/Class/CDC/Src/usbd_cdc.c.obj
 .text.USBD_CDC_GetOtherSpeedCfgDesc
                0x08008b2c       0x20 cmake/stm32cubemx/CMakeFiles/USB_Device_Library.dir/__/__/Middlewares/ST/STM32_USB_Device_Library/Class/CDC/Src/usbd_cdc.c.obj
 .text.USBD_CDC_GetDeviceQualifierDescriptor
                0x08008b4c       0x20 cmake/stm32cubemx/CMakeFiles/USB_Device_Library.dir/__/__/Middlewares/ST/STM32_USB_Device_Library/Class/CDC/Src/usbd_cdc.c.obj
                0x08008b4c                USBD_CDC_GetDeviceQualifierDescriptor
 .text.USBD_CDC_RegisterInterface
                0x08008b6c       0x28 cmake/stm32cubemx/CMakeFiles/USB_Device_Library.dir/__/__/Middlewares/ST/STM32_USB_Device_Library/Class/CDC/Src/usbd_cdc.c.obj
                0x08008b6c                USBD_CDC_RegisterInterface
 .text.USBD_CDC_SetTxBuffer
                0x08008b94       0x3a cmake/stm32cubemx/CMakeFiles/USB_Device_Library.dir/__/__/Middlewares/ST/STM32_USB_Device_Library/Class/CDC/Src/usbd_cdc.c.obj
                0x08008b94                USBD_CDC_SetTxBuffer
 .text.USBD_CDC_SetRxBuffer
                0x08008bce       0x30 cmake/stm32cubemx/CMakeFiles/USB_Device_Library.dir/__/__/Middlewares/ST/STM32_USB_Device_Library/Class/CDC/Src/usbd_cdc.c.obj
                0x08008bce                USBD_CDC_SetRxBuffer
 .text.USBD_CDC_TransmitPacket
                0x08008bfe       0x60 cmake/stm32cubemx/CMakeFiles/USB_Device_Library.dir/__/__/Middlewares/ST/STM32_USB_Device_Library/Class/CDC/Src/usbd_cdc.c.obj
                0x08008bfe                USBD_CDC_TransmitPacket
 .text.USBD_CDC_ReceivePacket
                0x08008c5e       0x54 cmake/stm32cubemx/CMakeFiles/USB_Device_Library.dir/__/__/Middlewares/ST/STM32_USB_Device_Library/Class/CDC/Src/usbd_cdc.c.obj
                0x08008c5e                USBD_CDC_ReceivePacket
 *fill*         0x08008cb2        0x2 
 .text.HAL_PCD_MspInit
                0x08008cb4       0x78 CMakeFiles/JD2_real.dir/USB_Device/Target/usbd_conf.c.obj
                0x08008cb4                HAL_PCD_MspInit
 .text.HAL_PCD_SetupStageCallback
                0x08008d2c       0x24 CMakeFiles/JD2_real.dir/USB_Device/Target/usbd_conf.c.obj
                0x08008d2c                HAL_PCD_SetupStageCallback
 .text.HAL_PCD_DataOutStageCallback
                0x08008d50       0x36 CMakeFiles/JD2_real.dir/USB_Device/Target/usbd_conf.c.obj
                0x08008d50                HAL_PCD_DataOutStageCallback
 .text.HAL_PCD_DataInStageCallback
                0x08008d86       0x34 CMakeFiles/JD2_real.dir/USB_Device/Target/usbd_conf.c.obj
                0x08008d86                HAL_PCD_DataInStageCallback
 .text.HAL_PCD_SOFCallback
                0x08008dba       0x1c CMakeFiles/JD2_real.dir/USB_Device/Target/usbd_conf.c.obj
                0x08008dba                HAL_PCD_SOFCallback
 .text.HAL_PCD_ResetCallback
                0x08008dd6       0x3c CMakeFiles/JD2_real.dir/USB_Device/Target/usbd_conf.c.obj
                0x08008dd6                HAL_PCD_ResetCallback
 *fill*         0x08008e12        0x2 
 .text.HAL_PCD_SuspendCallback
                0x08008e14       0x34 CMakeFiles/JD2_real.dir/USB_Device/Target/usbd_conf.c.obj
                0x08008e14                HAL_PCD_SuspendCallback
 .text.HAL_PCD_ResumeCallback
                0x08008e48       0x38 CMakeFiles/JD2_real.dir/USB_Device/Target/usbd_conf.c.obj
                0x08008e48                HAL_PCD_ResumeCallback
 .text.USBD_LL_Init
                0x08008e80       0xc0 CMakeFiles/JD2_real.dir/USB_Device/Target/usbd_conf.c.obj
                0x08008e80                USBD_LL_Init
 .text.USBD_LL_Start
                0x08008f40       0x36 CMakeFiles/JD2_real.dir/USB_Device/Target/usbd_conf.c.obj
                0x08008f40                USBD_LL_Start
 .text.USBD_LL_OpenEP
                0x08008f76       0x4c CMakeFiles/JD2_real.dir/USB_Device/Target/usbd_conf.c.obj
                0x08008f76                USBD_LL_OpenEP
 .text.USBD_LL_CloseEP
                0x08008fc2       0x3e CMakeFiles/JD2_real.dir/USB_Device/Target/usbd_conf.c.obj
                0x08008fc2                USBD_LL_CloseEP
 .text.USBD_LL_StallEP
                0x08009000       0x3e CMakeFiles/JD2_real.dir/USB_Device/Target/usbd_conf.c.obj
                0x08009000                USBD_LL_StallEP
 .text.USBD_LL_ClearStallEP
                0x0800903e       0x3e CMakeFiles/JD2_real.dir/USB_Device/Target/usbd_conf.c.obj
                0x0800903e                USBD_LL_ClearStallEP
 .text.USBD_LL_IsStallEP
                0x0800907c       0x56 CMakeFiles/JD2_real.dir/USB_Device/Target/usbd_conf.c.obj
                0x0800907c                USBD_LL_IsStallEP
 .text.USBD_LL_SetUSBAddress
                0x080090d2       0x3e CMakeFiles/JD2_real.dir/USB_Device/Target/usbd_conf.c.obj
                0x080090d2                USBD_LL_SetUSBAddress
 .text.USBD_LL_Transmit
                0x08009110       0x42 CMakeFiles/JD2_real.dir/USB_Device/Target/usbd_conf.c.obj
                0x08009110                USBD_LL_Transmit
 .text.USBD_LL_PrepareReceive
                0x08009152       0x42 CMakeFiles/JD2_real.dir/USB_Device/Target/usbd_conf.c.obj
                0x08009152                USBD_LL_PrepareReceive
 .text.USBD_LL_GetRxDataSize
                0x08009194       0x26 CMakeFiles/JD2_real.dir/USB_Device/Target/usbd_conf.c.obj
                0x08009194                USBD_LL_GetRxDataSize
 *fill*         0x080091ba        0x2 
 .text.HAL_PCDEx_LPM_Callback
                0x080091bc       0x6c CMakeFiles/JD2_real.dir/USB_Device/Target/usbd_conf.c.obj
                0x080091bc                HAL_PCDEx_LPM_Callback
 .text.USBD_static_malloc
                0x08009228       0x18 CMakeFiles/JD2_real.dir/USB_Device/Target/usbd_conf.c.obj
                0x08009228                USBD_static_malloc
 .text.USBD_static_free
                0x08009240       0x12 CMakeFiles/JD2_real.dir/USB_Device/Target/usbd_conf.c.obj
                0x08009240                USBD_static_free
 .text.SystemClockConfig_Resume
                0x08009252        0xc CMakeFiles/JD2_real.dir/USB_Device/Target/usbd_conf.c.obj
 .text.USBD_Get_USB_Status
                0x0800925e       0x54 CMakeFiles/JD2_real.dir/USB_Device/Target/usbd_conf.c.obj
 *fill*         0x080092b2        0x2 
 .text.MX_USB_Device_Init
                0x080092b4       0x60 CMakeFiles/JD2_real.dir/USB_Device/App/usb_device.c.obj
                0x080092b4                MX_USB_Device_Init
 .text.USBD_CDC_DeviceDescriptor
                0x08009314       0x24 CMakeFiles/JD2_real.dir/USB_Device/App/usbd_desc.c.obj
                0x08009314                USBD_CDC_DeviceDescriptor
 .text.USBD_CDC_LangIDStrDescriptor
                0x08009338       0x24 CMakeFiles/JD2_real.dir/USB_Device/App/usbd_desc.c.obj
                0x08009338                USBD_CDC_LangIDStrDescriptor
 .text.USBD_CDC_ProductStrDescriptor
                0x0800935c       0x3c CMakeFiles/JD2_real.dir/USB_Device/App/usbd_desc.c.obj
                0x0800935c                USBD_CDC_ProductStrDescriptor
 .text.USBD_CDC_ManufacturerStrDescriptor
                0x08009398       0x28 CMakeFiles/JD2_real.dir/USB_Device/App/usbd_desc.c.obj
                0x08009398                USBD_CDC_ManufacturerStrDescriptor
 .text.USBD_CDC_SerialStrDescriptor
                0x080093c0       0x24 CMakeFiles/JD2_real.dir/USB_Device/App/usbd_desc.c.obj
                0x080093c0                USBD_CDC_SerialStrDescriptor
 .text.USBD_CDC_ConfigStrDescriptor
                0x080093e4       0x3c CMakeFiles/JD2_real.dir/USB_Device/App/usbd_desc.c.obj
                0x080093e4                USBD_CDC_ConfigStrDescriptor
 .text.USBD_CDC_InterfaceStrDescriptor
                0x08009420       0x3c CMakeFiles/JD2_real.dir/USB_Device/App/usbd_desc.c.obj
                0x08009420                USBD_CDC_InterfaceStrDescriptor
 .text.Get_SerialNum
                0x0800945c       0x58 CMakeFiles/JD2_real.dir/USB_Device/App/usbd_desc.c.obj
 .text.IntToUnicode
                0x080094b4       0x7c CMakeFiles/JD2_real.dir/USB_Device/App/usbd_desc.c.obj
 .text.CDC_Init_FS
                0x08009530       0x28 CMakeFiles/JD2_real.dir/USB_Device/App/usbd_cdc_if.c.obj
 .text.CDC_DeInit_FS
                0x08009558        0xe CMakeFiles/JD2_real.dir/USB_Device/App/usbd_cdc_if.c.obj
 .text.CDC_Control_FS
                0x08009566       0x86 CMakeFiles/JD2_real.dir/USB_Device/App/usbd_cdc_if.c.obj
 .text.CDC_Receive_FS
                0x080095ec       0x34 CMakeFiles/JD2_real.dir/USB_Device/App/usbd_cdc_if.c.obj
 .text.CDC_Transmit_FS
                0x08009620       0x4c CMakeFiles/JD2_real.dir/USB_Device/App/usbd_cdc_if.c.obj
                0x08009620                CDC_Transmit_FS
 .text.CDC_TransmitCplt_FS
                0x0800966c       0x20 CMakeFiles/JD2_real.dir/USB_Device/App/usbd_cdc_if.c.obj
 .text.clamp_idx_with_delta
                0x0800968c       0x3c CMakeFiles/JD2_real.dir/Core/Src/main.c.obj
 .text.find_nearest_u32_idx
                0x080096c8       0x92 CMakeFiles/JD2_real.dir/Core/Src/main.c.obj
 .text.find_nearest_u16_idx
                0x0800975a       0x8c CMakeFiles/JD2_real.dir/Core/Src/main.c.obj
 *fill*         0x080097e6        0x2 
 .text.ScopeCfg_SetVdivIdx
                0x080097e8       0x6c CMakeFiles/JD2_real.dir/Core/Src/main.c.obj
 .text.ScopeCfg_SetSdivIdx
                0x08009854       0x44 CMakeFiles/JD2_real.dir/Core/Src/main.c.obj
 .text.ScopeCtl_OnUsbRx
                0x08009898      0x194 CMakeFiles/JD2_real.dir/Core/Src/main.c.obj
                0x08009898                ScopeCtl_OnUsbRx
 .text.ScopeCtl_FromFrontPanel_1ms
                0x08009a2c      0x18c CMakeFiles/JD2_real.dir/Core/Src/main.c.obj
 .text.USB_Report_ScopeCfg_50ms
                0x08009bb8       0xbc CMakeFiles/JD2_real.dir/Core/Src/main.c.obj
                0x08009bb8                USB_Report_ScopeCfg_50ms
 .text.main     0x08009c74       0x7c CMakeFiles/JD2_real.dir/Core/Src/main.c.obj
                0x08009c74                main
 .text.SystemClock_Config
                0x08009cf0       0x84 CMakeFiles/JD2_real.dir/Core/Src/main.c.obj
                0x08009cf0                SystemClock_Config
 .text.Error_Handler
                0x08009d74        0xc CMakeFiles/JD2_real.dir/Core/Src/main.c.obj
                0x08009d74                Error_Handler
 .text.MX_GPIO_Init
                0x08009d80       0xec CMakeFiles/JD2_real.dir/Core/Src/gpio.c.obj
                0x08009d80                MX_GPIO_Init
 .text.MX_ADC1_Init
                0x08009e6c       0xf0 CMakeFiles/JD2_real.dir/Core/Src/adc.c.obj
                0x08009e6c                MX_ADC1_Init
 .text.MX_ADC2_Init
                0x08009f5c       0xcc CMakeFiles/JD2_real.dir/Core/Src/adc.c.obj
                0x08009f5c                MX_ADC2_Init
 .text.HAL_ADC_MspInit
                0x0800a028      0x148 CMakeFiles/JD2_real.dir/Core/Src/adc.c.obj
                0x0800a028                HAL_ADC_MspInit
 .text.MX_TIM1_Init
                0x0800a170       0xb4 CMakeFiles/JD2_real.dir/Core/Src/tim.c.obj
                0x0800a170                MX_TIM1_Init
 .text.MX_TIM2_Init
                0x0800a224       0xa8 CMakeFiles/JD2_real.dir/Core/Src/tim.c.obj
                0x0800a224                MX_TIM2_Init
 .text.MX_TIM3_Init
                0x0800a2cc       0xac CMakeFiles/JD2_real.dir/Core/Src/tim.c.obj
                0x0800a2cc                MX_TIM3_Init
 .text.MX_TIM4_Init
                0x0800a378       0xac CMakeFiles/JD2_real.dir/Core/Src/tim.c.obj
                0x0800a378                MX_TIM4_Init
 .text.HAL_TIM_Encoder_MspInit
                0x0800a424      0x1a8 CMakeFiles/JD2_real.dir/Core/Src/tim.c.obj
                0x0800a424                HAL_TIM_Encoder_MspInit
 .text.NMI_Handler
                0x0800a5cc        0x8 CMakeFiles/JD2_real.dir/Core/Src/stm32g4xx_it.c.obj
                0x0800a5cc                NMI_Handler
 .text.HardFault_Handler
                0x0800a5d4        0x8 CMakeFiles/JD2_real.dir/Core/Src/stm32g4xx_it.c.obj
                0x0800a5d4                HardFault_Handler
 .text.MemManage_Handler
                0x0800a5dc        0x8 CMakeFiles/JD2_real.dir/Core/Src/stm32g4xx_it.c.obj
                0x0800a5dc                MemManage_Handler
 .text.BusFault_Handler
                0x0800a5e4        0x8 CMakeFiles/JD2_real.dir/Core/Src/stm32g4xx_it.c.obj
                0x0800a5e4                BusFault_Handler
 .text.UsageFault_Handler
                0x0800a5ec        0x8 CMakeFiles/JD2_real.dir/Core/Src/stm32g4xx_it.c.obj
                0x0800a5ec                UsageFault_Handler
 .text.SVC_Handler
                0x0800a5f4        0xc CMakeFiles/JD2_real.dir/Core/Src/stm32g4xx_it.c.obj
                0x0800a5f4                SVC_Handler
 .text.DebugMon_Handler
                0x0800a600        0xc CMakeFiles/JD2_real.dir/Core/Src/stm32g4xx_it.c.obj
                0x0800a600                DebugMon_Handler
 .text.PendSV_Handler
                0x0800a60c        0xc CMakeFiles/JD2_real.dir/Core/Src/stm32g4xx_it.c.obj
                0x0800a60c                PendSV_Handler
 .text.SysTick_Handler
                0x0800a618        0xc CMakeFiles/JD2_real.dir/Core/Src/stm32g4xx_it.c.obj
                0x0800a618                SysTick_Handler
 .text.USB_LP_IRQHandler
                0x0800a624       0x14 CMakeFiles/JD2_real.dir/Core/Src/stm32g4xx_it.c.obj
                0x0800a624                USB_LP_IRQHandler
 .text.HAL_MspInit
                0x0800a638       0x48 CMakeFiles/JD2_real.dir/Core/Src/stm32g4xx_hal_msp.c.obj
                0x0800a638                HAL_MspInit
 .text._sbrk    0x0800a680       0x6c CMakeFiles/JD2_real.dir/Core/Src/sysmem.c.obj
                0x0800a680                _sbrk
 .text._getpid  0x0800a6ec        0xe CMakeFiles/JD2_real.dir/Core/Src/syscalls.c.obj
                0x0800a6ec                _getpid
 .text._kill    0x0800a6fa       0x20 CMakeFiles/JD2_real.dir/Core/Src/syscalls.c.obj
                0x0800a6fa                _kill
 .text._exit    0x0800a71a       0x16 CMakeFiles/JD2_real.dir/Core/Src/syscalls.c.obj
                0x0800a71a                _exit
 .text._read    0x0800a730       0x3a CMakeFiles/JD2_real.dir/Core/Src/syscalls.c.obj
                0x0800a730                _read
 .text._write   0x0800a76a       0x38 CMakeFiles/JD2_real.dir/Core/Src/syscalls.c.obj
                0x0800a76a                _write
 .text._close   0x0800a7a2       0x16 CMakeFiles/JD2_real.dir/Core/Src/syscalls.c.obj
                0x0800a7a2                _close
 .text._fstat   0x0800a7b8       0x1e CMakeFiles/JD2_real.dir/Core/Src/syscalls.c.obj
                0x0800a7b8                _fstat
 .text._isatty  0x0800a7d6       0x14 CMakeFiles/JD2_real.dir/Core/Src/syscalls.c.obj
                0x0800a7d6                _isatty
 .text._lseek   0x0800a7ea       0x18 CMakeFiles/JD2_real.dir/Core/Src/syscalls.c.obj
                0x0800a7ea                _lseek
 .text.diff16   0x0800a802       0x24 CMakeFiles/JD2_real.dir/Core/Src/encoder.c.obj
 *fill*         0x0800a826        0x2 
 .text.Encoders_Init
                0x0800a828       0x78 CMakeFiles/JD2_real.dir/Core/Src/encoder.c.obj
                0x0800a828                Encoders_Init
 .text.Encoders_Poll_1ms
                0x0800a8a0      0x180 CMakeFiles/JD2_real.dir/Core/Src/encoder.c.obj
                0x0800a8a0                Encoders_Poll_1ms
 .text.raw_pressed
                0x0800aa20       0x2a CMakeFiles/JD2_real.dir/Core/Src/buttons.c.obj
 .text.debounce
                0x0800aa4a       0x6a CMakeFiles/JD2_real.dir/Core/Src/buttons.c.obj
 .text.Buttons_Init
                0x0800aab4        0xc CMakeFiles/JD2_real.dir/Core/Src/buttons.c.obj
                0x0800aab4                Buttons_Init
 .text.Buttons_Poll_1ms
                0x0800aac0       0x70 CMakeFiles/JD2_real.dir/Core/Src/buttons.c.obj
                0x0800aac0                Buttons_Poll_1ms
 .text.Reset_Handler
                0x0800ab30       0x50 CMakeFiles/JD2_real.dir/startup_stm32g491xx.s.obj
                0x0800ab30                Reset_Handler
 .text.Default_Handler
                0x0800ab80        0x2 CMakeFiles/JD2_real.dir/startup_stm32g491xx.s.obj
                0x0800ab80                TIM1_BRK_TIM15_IRQHandler
                0x0800ab80                EXTI2_IRQHandler
                0x0800ab80                TIM8_TRG_COM_IRQHandler
                0x0800ab80                TIM8_CC_IRQHandler
                0x0800ab80                TIM1_CC_IRQHandler
                0x0800ab80                USB_HP_IRQHandler
                0x0800ab80                CORDIC_IRQHandler
                0x0800ab80                DMA2_Channel8_IRQHandler
                0x0800ab80                EXTI3_IRQHandler
                0x0800ab80                I2C3_ER_IRQHandler
                0x0800ab80                EXTI0_IRQHandler
                0x0800ab80                I2C2_EV_IRQHandler
                0x0800ab80                FPU_IRQHandler
                0x0800ab80                FDCAN1_IT1_IRQHandler
                0x0800ab80                TIM1_UP_TIM16_IRQHandler
                0x0800ab80                ADC1_2_IRQHandler
                0x0800ab80                SPI1_IRQHandler
                0x0800ab80                TIM6_DAC_IRQHandler
                0x0800ab80                TIM8_UP_IRQHandler
                0x0800ab80                DMA2_Channel2_IRQHandler
                0x0800ab80                DMA1_Channel4_IRQHandler
                0x0800ab80                TIM20_TRG_COM_IRQHandler
                0x0800ab80                USART3_IRQHandler
                0x0800ab80                DMA1_Channel7_IRQHandler
                0x0800ab80                UART5_IRQHandler
                0x0800ab80                ADC3_IRQHandler
                0x0800ab80                TIM4_IRQHandler
                0x0800ab80                DMA2_Channel1_IRQHandler
                0x0800ab80                QUADSPI_IRQHandler
                0x0800ab80                I2C1_EV_IRQHandler
                0x0800ab80                DMA1_Channel6_IRQHandler
                0x0800ab80                UART4_IRQHandler
                0x0800ab80                DMA2_Channel4_IRQHandler
                0x0800ab80                TIM3_IRQHandler
                0x0800ab80                RCC_IRQHandler
                0x0800ab80                TIM20_UP_IRQHandler
                0x0800ab80                DMA1_Channel1_IRQHandler
                0x0800ab80                Default_Handler
                0x0800ab80                DMA2_Channel7_IRQHandler
                0x0800ab80                RTC_TAMP_LSECSS_IRQHandler
                0x0800ab80                FMAC_IRQHandler
                0x0800ab80                EXTI15_10_IRQHandler
                0x0800ab80                DMA1_Channel8_IRQHandler
                0x0800ab80                TIM7_IRQHandler
                0x0800ab80                UCPD1_IRQHandler
                0x0800ab80                I2C3_EV_IRQHandler
                0x0800ab80                EXTI9_5_IRQHandler
                0x0800ab80                RTC_WKUP_IRQHandler
                0x0800ab80                PVD_PVM_IRQHandler
                0x0800ab80                SPI2_IRQHandler
                0x0800ab80                DMA2_Channel5_IRQHandler
                0x0800ab80                CRS_IRQHandler
                0x0800ab80                DMA1_Channel5_IRQHandler
                0x0800ab80                EXTI4_IRQHandler
                0x0800ab80                RNG_IRQHandler
                0x0800ab80                TIM1_TRG_COM_TIM17_IRQHandler
                0x0800ab80                FDCAN2_IT1_IRQHandler
                0x0800ab80                DMA1_Channel3_IRQHandler
                0x0800ab80                WWDG_IRQHandler
                0x0800ab80                FDCAN2_IT0_IRQHandler
                0x0800ab80                LPUART1_IRQHandler
                0x0800ab80                DMA2_Channel6_IRQHandler
                0x0800ab80                FDCAN1_IT0_IRQHandler
                0x0800ab80                TIM2_IRQHandler
                0x0800ab80                COMP1_2_3_IRQHandler
                0x0800ab80                EXTI1_IRQHandler
                0x0800ab80                USART2_IRQHandler
                0x0800ab80                TIM20_BRK_IRQHandler
                0x0800ab80                I2C2_ER_IRQHandler
                0x0800ab80                DMA1_Channel2_IRQHandler
                0x0800ab80                TIM8_BRK_IRQHandler
                0x0800ab80                FLASH_IRQHandler
                0x0800ab80                TIM20_CC_IRQHandler
                0x0800ab80                USART1_IRQHandler
                0x0800ab80                SPI3_IRQHandler
                0x0800ab80                I2C1_ER_IRQHandler
                0x0800ab80                LPTIM1_IRQHandler
                0x0800ab80                DMAMUX_OVR_IRQHandler
                0x0800ab80                USBWakeUp_IRQHandler
                0x0800ab80                SAI1_IRQHandler
                0x0800ab80                DMA2_Channel3_IRQHandler
                0x0800ab80                COMP4_IRQHandler
                0x0800ab80                RTC_Alarm_IRQHandler
 *fill*         0x0800ab82        0x2 
 .text._strtoul_l.isra.0
                0x0800ab84      0x138 /Applications/ArmGNUToolchain/15.2.rel1/arm-none-eabi/bin/../lib/gcc/arm-none-eabi/15.2.1/../../../../arm-none-eabi/lib/thumb/v7e-m+fp/hard/libg.a(libc_a-strtoul.o)
 .text.strtoul  0x0800acbc       0x20 /Applications/ArmGNUToolchain/15.2.rel1/arm-none-eabi/bin/../lib/gcc/arm-none-eabi/15.2.1/../../../../arm-none-eabi/lib/thumb/v7e-m+fp/hard/libg.a(libc_a-strtoul.o)
                0x0800acbc                strtoul
 .text.snprintf
                0x0800acdc       0x60 /Applications/ArmGNUToolchain/15.2.rel1/arm-none-eabi/bin/../lib/gcc/arm-none-eabi/15.2.1/../../../../arm-none-eabi/lib/thumb/v7e-m+fp/hard/libg.a(libc_a-snprintf.o)
                0x0800acdc                snprintf
 .text.stdio_exit_handler
                0x0800ad3c       0x18 /Applications/ArmGNUToolchain/15.2.rel1/arm-none-eabi/bin/../lib/gcc/arm-none-eabi/15.2.1/../../../../arm-none-eabi/lib/thumb/v7e-m+fp/hard/libg.a(libc_a-findfp.o)
 .text.cleanup_stdio
                0x0800ad54       0x40 /Applications/ArmGNUToolchain/15.2.rel1/arm-none-eabi/bin/../lib/gcc/arm-none-eabi/15.2.1/../../../../arm-none-eabi/lib/thumb/v7e-m+fp/hard/libg.a(libc_a-findfp.o)
 .text.global_stdio_init.part.0
                0x0800ad94       0xf0 /Applications/ArmGNUToolchain/15.2.rel1/arm-none-eabi/bin/../lib/gcc/arm-none-eabi/15.2.1/../../../../arm-none-eabi/lib/thumb/v7e-m+fp/hard/libg.a(libc_a-findfp.o)
 .text.__sinit  0x0800ae84       0x3c /Applications/ArmGNUToolchain/15.2.rel1/arm-none-eabi/bin/../lib/gcc/arm-none-eabi/15.2.1/../../../../arm-none-eabi/lib/thumb/v7e-m+fp/hard/libg.a(libc_a-findfp.o)
                0x0800ae84                __sinit
 .text.__sfp_lock_acquire
                0x0800aec0        0xc /Applications/ArmGNUToolchain/15.2.rel1/arm-none-eabi/bin/../lib/gcc/arm-none-eabi/15.2.1/../../../../arm-none-eabi/lib/thumb/v7e-m+fp/hard/libg.a(libc_a-findfp.o)
                0x0800aec0                __sfp_lock_acquire
 .text.__sfp_lock_release
                0x0800aecc        0xc /Applications/ArmGNUToolchain/15.2.rel1/arm-none-eabi/bin/../lib/gcc/arm-none-eabi/15.2.1/../../../../arm-none-eabi/lib/thumb/v7e-m+fp/hard/libg.a(libc_a-findfp.o)
                0x0800aecc                __sfp_lock_release
 .text.memset   0x0800aed8       0x88 /Applications/ArmGNUToolchain/15.2.rel1/arm-none-eabi/bin/../lib/gcc/arm-none-eabi/15.2.1/../../../../arm-none-eabi/lib/thumb/v7e-m+fp/hard/libg.a(libc_a-memset.o)
                0x0800aed8                memset
 .text.strncmp  0x0800af60       0x78 /Applications/ArmGNUToolchain/15.2.rel1/arm-none-eabi/bin/../lib/gcc/arm-none-eabi/15.2.1/../../../../arm-none-eabi/lib/thumb/v7e-m+fp/hard/libg.a(libc_a-strncmp.o)
                0x0800af60                strncmp
 .text.__errno  0x0800afd8        0xc /Applications/ArmGNUToolchain/15.2.rel1/arm-none-eabi/bin/../lib/gcc/arm-none-eabi/15.2.1/../../../../arm-none-eabi/lib/thumb/v7e-m+fp/hard/libg.a(libc_a-errno.o)
                0x0800afd8                __errno
 .text.__libc_init_array
                0x0800afe4       0x4c /Applications/ArmGNUToolchain/15.2.rel1/arm-none-eabi/bin/../lib/gcc/arm-none-eabi/15.2.1/../../../../arm-none-eabi/lib/thumb/v7e-m+fp/hard/libg.a(libc_a-init.o)
                0x0800afe4                __libc_init_array
 .text.__retarget_lock_init_recursive
                0x0800b030        0x4 /Applications/ArmGNUToolchain/15.2.rel1/arm-none-eabi/bin/../lib/gcc/arm-none-eabi/15.2.1/../../../../arm-none-eabi/lib/thumb/v7e-m+fp/hard/libg.a(libc_a-lock.o)
                0x0800b030                __retarget_lock_init_recursive
 .text.__retarget_lock_close_recursive
                0x0800b034        0x4 /Applications/ArmGNUToolchain/15.2.rel1/arm-none-eabi/bin/../lib/gcc/arm-none-eabi/15.2.1/../../../../arm-none-eabi/lib/thumb/v7e-m+fp/hard/libg.a(libc_a-lock.o)
                0x0800b034                __retarget_lock_close_recursive
 .text.__retarget_lock_acquire_recursive
                0x0800b038        0x4 /Applications/ArmGNUToolchain/15.2.rel1/arm-none-eabi/bin/../lib/gcc/arm-none-eabi/15.2.1/../../../../arm-none-eabi/lib/thumb/v7e-m+fp/hard/libg.a(libc_a-lock.o)
                0x0800b038                __retarget_lock_acquire_recursive
 .text.__retarget_lock_release_recursive
                0x0800b03c        0x4 /Applications/ArmGNUToolchain/15.2.rel1/arm-none-eabi/bin/../lib/gcc/arm-none-eabi/15.2.1/../../../../arm-none-eabi/lib/thumb/v7e-m+fp/hard/libg.a(libc_a-lock.o)
                0x0800b03c                __retarget_lock_release_recursive
 .text.startup.register_fini
                0x0800b040       0x14 /Applications/ArmGNUToolchain/15.2.rel1/arm-none-eabi/bin/../lib/gcc/arm-none-eabi/15.2.1/../../../../arm-none-eabi/lib/thumb/v7e-m+fp/hard/libg.a(libc_a-__call_atexit.o)
 .text.atexit   0x0800b054        0xc /Applications/ArmGNUToolchain/15.2.rel1/arm-none-eabi/bin/../lib/gcc/arm-none-eabi/15.2.1/../../../../arm-none-eabi/lib/thumb/v7e-m+fp/hard/libg.a(libc_a-atexit.o)
                0x0800b054                atexit
 .text._malloc_r
                0x0800b060      0x5ac /Applications/ArmGNUToolchain/15.2.rel1/arm-none-eabi/bin/../lib/gcc/arm-none-eabi/15.2.1/../../../../arm-none-eabi/lib/thumb/v7e-m+fp/hard/libg.a(libc_a-mallocr.o)
                0x0800b060                _malloc_r
 *fill*         0x0800b60c        0x4 
 .text._svfprintf_r
                0x0800b610     0x21a8 /Applications/ArmGNUToolchain/15.2.rel1/arm-none-eabi/bin/../lib/gcc/arm-none-eabi/15.2.1/../../../../arm-none-eabi/lib/thumb/v7e-m+fp/hard/libg.a(libc_a-svfprintf.o)
                0x0800b610                _svfprintf_r
 .text.__malloc_lock
                0x0800d7b8        0xc /Applications/ArmGNUToolchain/15.2.rel1/arm-none-eabi/bin/../lib/gcc/arm-none-eabi/15.2.1/../../../../arm-none-eabi/lib/thumb/v7e-m+fp/hard/libg.a(libc_a-mlock.o)
                0x0800d7b8                __malloc_lock
 .text.__malloc_unlock
                0x0800d7c4        0xc /Applications/ArmGNUToolchain/15.2.rel1/arm-none-eabi/bin/../lib/gcc/arm-none-eabi/15.2.1/../../../../arm-none-eabi/lib/thumb/v7e-m+fp/hard/libg.a(libc_a-mlock.o)
                0x0800d7c4                __malloc_unlock
 .text._fwalk_sglue
                0x0800d7d0       0x44 /Applications/ArmGNUToolchain/15.2.rel1/arm-none-eabi/bin/../lib/gcc/arm-none-eabi/15.2.1/../../../../arm-none-eabi/lib/thumb/v7e-m+fp/hard/libg.a(libc_a-fwalk.o)
                0x0800d7d0                _fwalk_sglue
 .text.__ssprint_r
                0x0800d814       0x58 /Applications/ArmGNUToolchain/15.2.rel1/arm-none-eabi/bin/../lib/gcc/arm-none-eabi/15.2.1/../../../../arm-none-eabi/lib/thumb/v7e-m+fp/hard/libg.a(libc_a-ssprint_r.o)
                0x0800d814                __ssprint_r
 .text._fclose_r
                0x0800d86c       0xc4 /Applications/ArmGNUToolchain/15.2.rel1/arm-none-eabi/bin/../lib/gcc/arm-none-eabi/15.2.1/../../../../arm-none-eabi/lib/thumb/v7e-m+fp/hard/libg.a(libc_a-fclose.o)
                0x0800d86c                _fclose_r
 .text.__sflush_r
                0x0800d930      0x134 /Applications/ArmGNUToolchain/15.2.rel1/arm-none-eabi/bin/../lib/gcc/arm-none-eabi/15.2.1/../../../../arm-none-eabi/lib/thumb/v7e-m+fp/hard/libg.a(libc_a-fflush.o)
                0x0800d930                __sflush_r
 .text._fflush_r
                0x0800da64       0x70 /Applications/ArmGNUToolchain/15.2.rel1/arm-none-eabi/bin/../lib/gcc/arm-none-eabi/15.2.1/../../../../arm-none-eabi/lib/thumb/v7e-m+fp/hard/libg.a(libc_a-fflush.o)
                0x0800da64                _fflush_r
 .text.__sread  0x0800dad4       0x24 /Applications/ArmGNUToolchain/15.2.rel1/arm-none-eabi/bin/../lib/gcc/arm-none-eabi/15.2.1/../../../../arm-none-eabi/lib/thumb/v7e-m+fp/hard/libg.a(libc_a-stdio.o)
                0x0800dad4                __sread
 .text.__swrite
                0x0800daf8       0x40 /Applications/ArmGNUToolchain/15.2.rel1/arm-none-eabi/bin/../lib/gcc/arm-none-eabi/15.2.1/../../../../arm-none-eabi/lib/thumb/v7e-m+fp/hard/libg.a(libc_a-stdio.o)
                0x0800daf8                __swrite
 .text.__sseek  0x0800db38       0x24 /Applications/ArmGNUToolchain/15.2.rel1/arm-none-eabi/bin/../lib/gcc/arm-none-eabi/15.2.1/../../../../arm-none-eabi/lib/thumb/v7e-m+fp/hard/libg.a(libc_a-stdio.o)
                0x0800db38                __sseek
 .text.__sclose
                0x0800db5c        0x8 /Applications/ArmGNUToolchain/15.2.rel1/arm-none-eabi/bin/../lib/gcc/arm-none-eabi/15.2.1/../../../../arm-none-eabi/lib/thumb/v7e-m+fp/hard/libg.a(libc_a-stdio.o)
                0x0800db5c                __sclose
 .text.strncpy  0x0800db64       0x6c /Applications/ArmGNUToolchain/15.2.rel1/arm-none-eabi/bin/../lib/gcc/arm-none-eabi/15.2.1/../../../../arm-none-eabi/lib/thumb/v7e-m+fp/hard/libg.a(libc_a-strncpy.o)
                0x0800db64                strncpy
 .text.__locale_mb_cur_max
                0x0800dbd0        0xc /Applications/ArmGNUToolchain/15.2.rel1/arm-none-eabi/bin/../lib/gcc/arm-none-eabi/15.2.1/../../../../arm-none-eabi/lib/thumb/v7e-m+fp/hard/libg.a(libc_a-locale.o)
                0x0800dbd0                __locale_mb_cur_max
 .text._localeconv_r
                0x0800dbdc        0x8 /Applications/ArmGNUToolchain/15.2.rel1/arm-none-eabi/bin/../lib/gcc/arm-none-eabi/15.2.1/../../../../arm-none-eabi/lib/thumb/v7e-m+fp/hard/libg.a(libc_a-localeconv.o)
                0x0800dbdc                _localeconv_r
 .text._close_r
                0x0800dbe4       0x24 /Applications/ArmGNUToolchain/15.2.rel1/arm-none-eabi/bin/../lib/gcc/arm-none-eabi/15.2.1/../../../../arm-none-eabi/lib/thumb/v7e-m+fp/hard/libg.a(libc_a-closer.o)
                0x0800dbe4                _close_r
 .text._lseek_r
                0x0800dc08       0x2c /Applications/ArmGNUToolchain/15.2.rel1/arm-none-eabi/bin/../lib/gcc/arm-none-eabi/15.2.1/../../../../arm-none-eabi/lib/thumb/v7e-m+fp/hard/libg.a(libc_a-lseekr.o)
                0x0800dc08                _lseek_r
 .text._read_r  0x0800dc34       0x2c /Applications/ArmGNUToolchain/15.2.rel1/arm-none-eabi/bin/../lib/gcc/arm-none-eabi/15.2.1/../../../../arm-none-eabi/lib/thumb/v7e-m+fp/hard/libg.a(libc_a-readr.o)
                0x0800dc34                _read_r
 .text._sbrk_r  0x0800dc60       0x24 /Applications/ArmGNUToolchain/15.2.rel1/arm-none-eabi/bin/../lib/gcc/arm-none-eabi/15.2.1/../../../../arm-none-eabi/lib/thumb/v7e-m+fp/hard/libg.a(libc_a-sbrkr.o)
                0x0800dc60                _sbrk_r
 .text._write_r
                0x0800dc84       0x2c /Applications/ArmGNUToolchain/15.2.rel1/arm-none-eabi/bin/../lib/gcc/arm-none-eabi/15.2.1/../../../../arm-none-eabi/lib/thumb/v7e-m+fp/hard/libg.a(libc_a-writer.o)
                0x0800dc84                _write_r
 .text.sysconf  0x0800dcb0       0x1c /Applications/ArmGNUToolchain/15.2.rel1/arm-none-eabi/bin/../lib/gcc/arm-none-eabi/15.2.1/../../../../arm-none-eabi/lib/thumb/v7e-m+fp/hard/libg.a(libc_a-sysconf.o)
                0x0800dcb0                sysconf
 .text.__libc_fini_array
                0x0800dccc       0x28 /Applications/ArmGNUToolchain/15.2.rel1/arm-none-eabi/bin/../lib/gcc/arm-none-eabi/15.2.1/../../../../arm-none-eabi/lib/thumb/v7e-m+fp/hard/libg.a(libc_a-fini.o)
                0x0800dccc                __libc_fini_array
 .text._wcrtomb_r
                0x0800dcf4       0x50 /Applications/ArmGNUToolchain/15.2.rel1/arm-none-eabi/bin/../lib/gcc/arm-none-eabi/15.2.1/../../../../arm-none-eabi/lib/thumb/v7e-m+fp/hard/libg.a(libc_a-wcrtomb.o)
                0x0800dcf4                _wcrtomb_r
 .text._wcsrtombs_r
                0x0800dd44       0x18 /Applications/ArmGNUToolchain/15.2.rel1/arm-none-eabi/bin/../lib/gcc/arm-none-eabi/15.2.1/../../../../arm-none-eabi/lib/thumb/v7e-m+fp/hard/libg.a(libc_a-wcsrtombs.o)
                0x0800dd44                _wcsrtombs_r
 .text.__register_exitproc
                0x0800dd5c       0x84 /Applications/ArmGNUToolchain/15.2.rel1/arm-none-eabi/bin/../lib/gcc/arm-none-eabi/15.2.1/../../../../arm-none-eabi/lib/thumb/v7e-m+fp/hard/libg.a(libc_a-__atexit.o)
                0x0800dd5c                __register_exitproc
 .text.frexp    0x0800dde0       0x64 /Applications/ArmGNUToolchain/15.2.rel1/arm-none-eabi/bin/../lib/gcc/arm-none-eabi/15.2.1/../../../../arm-none-eabi/lib/thumb/v7e-m+fp/hard/libg.a(libm_a-s_frexp.o)
                0x0800dde0                frexp
 .text.quorem   0x0800de44      0x128 /Applications/ArmGNUToolchain/15.2.rel1/arm-none-eabi/bin/../lib/gcc/arm-none-eabi/15.2.1/../../../../arm-none-eabi/lib/thumb/v7e-m+fp/hard/libg.a(libc_a-dtoa.o)
 *fill*         0x0800df6c        0x4 
 .text._dtoa_r  0x0800df70     0x1060 /Applications/ArmGNUToolchain/15.2.rel1/arm-none-eabi/bin/../lib/gcc/arm-none-eabi/15.2.1/../../../../arm-none-eabi/lib/thumb/v7e-m+fp/hard/libg.a(libc_a-dtoa.o)
                0x0800df70                _dtoa_r
 .text._malloc_trim_r
                0x0800efd0       0xac /Applications/ArmGNUToolchain/15.2.rel1/arm-none-eabi/bin/../lib/gcc/arm-none-eabi/15.2.1/../../../../arm-none-eabi/lib/thumb/v7e-m+fp/hard/libg.a(libc_a-freer.o)
                0x0800efd0                _malloc_trim_r
 .text._free_r  0x0800f07c      0x218 /Applications/ArmGNUToolchain/15.2.rel1/arm-none-eabi/bin/../lib/gcc/arm-none-eabi/15.2.1/../../../../arm-none-eabi/lib/thumb/v7e-m+fp/hard/libg.a(libc_a-freer.o)
                0x0800f07c                _free_r
 .text.__ascii_mbtowc
                0x0800f294       0x2c /Applications/ArmGNUToolchain/15.2.rel1/arm-none-eabi/bin/../lib/gcc/arm-none-eabi/15.2.1/../../../../arm-none-eabi/lib/thumb/v7e-m+fp/hard/libg.a(libc_a-mbtowc_r.o)
                0x0800f294                __ascii_mbtowc
 .text._Balloc  0x0800f2c0       0x54 /Applications/ArmGNUToolchain/15.2.rel1/arm-none-eabi/bin/../lib/gcc/arm-none-eabi/15.2.1/../../../../arm-none-eabi/lib/thumb/v7e-m+fp/hard/libg.a(libc_a-mprec.o)
                0x0800f2c0                _Balloc
 .text._Bfree   0x0800f314       0x14 /Applications/ArmGNUToolchain/15.2.rel1/arm-none-eabi/bin/../lib/gcc/arm-none-eabi/15.2.1/../../../../arm-none-eabi/lib/thumb/v7e-m+fp/hard/libg.a(libc_a-mprec.o)
                0x0800f314                _Bfree
 .text.__multadd
                0x0800f328       0xa4 /Applications/ArmGNUToolchain/15.2.rel1/arm-none-eabi/bin/../lib/gcc/arm-none-eabi/15.2.1/../../../../arm-none-eabi/lib/thumb/v7e-m+fp/hard/libg.a(libc_a-mprec.o)
                0x0800f328                __multadd
 .text.__hi0bits
                0x0800f3cc       0x54 /Applications/ArmGNUToolchain/15.2.rel1/arm-none-eabi/bin/../lib/gcc/arm-none-eabi/15.2.1/../../../../arm-none-eabi/lib/thumb/v7e-m+fp/hard/libg.a(libc_a-mprec.o)
                0x0800f3cc                __hi0bits
 .text.__lo0bits
                0x0800f420       0x80 /Applications/ArmGNUToolchain/15.2.rel1/arm-none-eabi/bin/../lib/gcc/arm-none-eabi/15.2.1/../../../../arm-none-eabi/lib/thumb/v7e-m+fp/hard/libg.a(libc_a-mprec.o)
                0x0800f420                __lo0bits
 .text.__i2b    0x0800f4a0       0x5c /Applications/ArmGNUToolchain/15.2.rel1/arm-none-eabi/bin/../lib/gcc/arm-none-eabi/15.2.1/../../../../arm-none-eabi/lib/thumb/v7e-m+fp/hard/libg.a(libc_a-mprec.o)
                0x0800f4a0                __i2b
 .text.__multiply
                0x0800f4fc      0x188 /Applications/ArmGNUToolchain/15.2.rel1/arm-none-eabi/bin/../lib/gcc/arm-none-eabi/15.2.1/../../../../arm-none-eabi/lib/thumb/v7e-m+fp/hard/libg.a(libc_a-mprec.o)
                0x0800f4fc                __multiply
 .text.__pow5mult
                0x0800f684       0xb8 /Applications/ArmGNUToolchain/15.2.rel1/arm-none-eabi/bin/../lib/gcc/arm-none-eabi/15.2.1/../../../../arm-none-eabi/lib/thumb/v7e-m+fp/hard/libg.a(libc_a-mprec.o)
                0x0800f684                __pow5mult
 .text.__lshift
                0x0800f73c       0xec /Applications/ArmGNUToolchain/15.2.rel1/arm-none-eabi/bin/../lib/gcc/arm-none-eabi/15.2.1/../../../../arm-none-eabi/lib/thumb/v7e-m+fp/hard/libg.a(libc_a-mprec.o)
                0x0800f73c                __lshift
 .text.__mcmp   0x0800f828       0x40 /Applications/ArmGNUToolchain/15.2.rel1/arm-none-eabi/bin/../lib/gcc/arm-none-eabi/15.2.1/../../../../arm-none-eabi/lib/thumb/v7e-m+fp/hard/libg.a(libc_a-mprec.o)
                0x0800f828                __mcmp
 .text.__mdiff  0x0800f868      0x180 /Applications/ArmGNUToolchain/15.2.rel1/arm-none-eabi/bin/../lib/gcc/arm-none-eabi/15.2.1/../../../../arm-none-eabi/lib/thumb/v7e-m+fp/hard/libg.a(libc_a-mprec.o)
                0x0800f868                __mdiff
 .text.__d2b    0x0800f9e8       0xc0 /Applications/ArmGNUToolchain/15.2.rel1/arm-none-eabi/bin/../lib/gcc/arm-none-eabi/15.2.1/../../../../arm-none-eabi/lib/thumb/v7e-m+fp/hard/libg.a(libc_a-mprec.o)
                0x0800f9e8                __d2b
 .text.__ssputs_r
                0x0800faa8       0xc4 /Applications/ArmGNUToolchain/15.2.rel1/arm-none-eabi/bin/../lib/gcc/arm-none-eabi/15.2.1/../../../../arm-none-eabi/lib/thumb/v7e-m+fp/hard/libg.a(libc_a-ssputs_r.o)
                0x0800faa8                __ssputs_r
 .text.__ascii_wctomb
                0x0800fb6c       0x1c /Applications/ArmGNUToolchain/15.2.rel1/arm-none-eabi/bin/../lib/gcc/arm-none-eabi/15.2.1/../../../../arm-none-eabi/lib/thumb/v7e-m+fp/hard/libg.a(libc_a-wctomb_r.o)
                0x0800fb6c                __ascii_wctomb
 .text.memmove  0x0800fb88      0x124 /Applications/ArmGNUToolchain/15.2.rel1/arm-none-eabi/bin/../lib/gcc/arm-none-eabi/15.2.1/../../../../arm-none-eabi/lib/thumb/v7e-m+fp/hard/libg.a(libc_a-memmove.o)
                0x0800fb88                memmove
 .text._wcsnrtombs_l
                0x0800fcac       0xf8 /Applications/ArmGNUToolchain/15.2.rel1/arm-none-eabi/bin/../lib/gcc/arm-none-eabi/15.2.1/../../../../arm-none-eabi/lib/thumb/v7e-m+fp/hard/libg.a(libc_a-wcsnrtombs.o)
                0x0800fcac                _wcsnrtombs_l
 .text._wcsnrtombs_r
                0x0800fda4       0x28 /Applications/ArmGNUToolchain/15.2.rel1/arm-none-eabi/bin/../lib/gcc/arm-none-eabi/15.2.1/../../../../arm-none-eabi/lib/thumb/v7e-m+fp/hard/libg.a(libc_a-wcsnrtombs.o)
                0x0800fda4                _wcsnrtombs_r
 .text.__assert_func
                0x0800fdcc       0x40 /Applications/ArmGNUToolchain/15.2.rel1/arm-none-eabi/bin/../lib/gcc/arm-none-eabi/15.2.1/../../../../arm-none-eabi/lib/thumb/v7e-m+fp/hard/libg.a(libc_a-assert.o)
                0x0800fdcc                __assert_func
 .text._calloc_r
                0x0800fe0c       0x78 /Applications/ArmGNUToolchain/15.2.rel1/arm-none-eabi/bin/../lib/gcc/arm-none-eabi/15.2.1/../../../../arm-none-eabi/lib/thumb/v7e-m+fp/hard/libg.a(libc_a-callocr.o)
                0x0800fe0c                _calloc_r
 .text.fiprintf
                0x0800fe84       0x2c /Applications/ArmGNUToolchain/15.2.rel1/arm-none-eabi/bin/../lib/gcc/arm-none-eabi/15.2.1/../../../../arm-none-eabi/lib/thumb/v7e-m+fp/hard/libg.a(libc_a-fiprintf.o)
                0x0800fe84                fiprintf
 .text._vfiprintf_r
                0x0800feb0     0x1248 /Applications/ArmGNUToolchain/15.2.rel1/arm-none-eabi/bin/../lib/gcc/arm-none-eabi/15.2.1/../../../../arm-none-eabi/lib/thumb/v7e-m+fp/hard/libg.a(libc_a-vfiprintf.o)
                0x0800feb0                _vfiprintf_r
 .text.__sbprintf
                0x080110f8       0x80 /Applications/ArmGNUToolchain/15.2.rel1/arm-none-eabi/bin/../lib/gcc/arm-none-eabi/15.2.1/../../../../arm-none-eabi/lib/thumb/v7e-m+fp/hard/libg.a(libc_a-vfiprintf.o)
 .text._realloc_r
                0x08011178      0x32c /Applications/ArmGNUToolchain/15.2.rel1/arm-none-eabi/bin/../lib/gcc/arm-none-eabi/15.2.1/../../../../arm-none-eabi/lib/thumb/v7e-m+fp/hard/libg.a(libc_a-reallocr.o)
                0x08011178                _realloc_r
 .text.__sprint_r
                0x080114a4       0x20 /Applications/ArmGNUToolchain/15.2.rel1/arm-none-eabi/bin/../lib/gcc/arm-none-eabi/15.2.1/../../../../arm-none-eabi/lib/thumb/v7e-m+fp/hard/libg.a(libc_a-sprint_r.o)
                0x080114a4                __sprint_r
 .text.__swsetup_r
                0x080114c4       0xdc /Applications/ArmGNUToolchain/15.2.rel1/arm-none-eabi/bin/../lib/gcc/arm-none-eabi/15.2.1/../../../../arm-none-eabi/lib/thumb/v7e-m+fp/hard/libg.a(libc_a-wsetup.o)
                0x080114c4                __swsetup_r
 .text.abort    0x080115a0       0x10 /Applications/ArmGNUToolchain/15.2.rel1/arm-none-eabi/bin/../lib/gcc/arm-none-eabi/15.2.1/../../../../arm-none-eabi/lib/thumb/v7e-m+fp/hard/libg.a(libc_a-abort.o)
                0x080115a0                abort
 .text.__sfvwrite_r
                0x080115b0      0x2f8 /Applications/ArmGNUToolchain/15.2.rel1/arm-none-eabi/bin/../lib/gcc/arm-none-eabi/15.2.1/../../../../arm-none-eabi/lib/thumb/v7e-m+fp/hard/libg.a(libc_a-fvwrite.o)
                0x080115b0                __sfvwrite_r
 .text.__smakebuf_r
                0x080118a8       0xe4 /Applications/ArmGNUToolchain/15.2.rel1/arm-none-eabi/bin/../lib/gcc/arm-none-eabi/15.2.1/../../../../arm-none-eabi/lib/thumb/v7e-m+fp/hard/libg.a(libc_a-makebuf.o)
                0x080118a8                __smakebuf_r
 .text.raise    0x0801198c       0x64 /Applications/ArmGNUToolchain/15.2.rel1/arm-none-eabi/bin/../lib/gcc/arm-none-eabi/15.2.1/../../../../arm-none-eabi/lib/thumb/v7e-m+fp/hard/libg.a(libc_a-signal.o)
                0x0801198c                raise
 .text._fstat_r
                0x080119f0       0x28 /Applications/ArmGNUToolchain/15.2.rel1/arm-none-eabi/bin/../lib/gcc/arm-none-eabi/15.2.1/../../../../arm-none-eabi/lib/thumb/v7e-m+fp/hard/libg.a(libc_a-fstatr.o)
                0x080119f0                _fstat_r
 .text._isatty_r
                0x08011a18       0x24 /Applications/ArmGNUToolchain/15.2.rel1/arm-none-eabi/bin/../lib/gcc/arm-none-eabi/15.2.1/../../../../arm-none-eabi/lib/thumb/v7e-m+fp/hard/libg.a(libc_a-isattyr.o)
                0x08011a18                _isatty_r
 .text._kill_r  0x08011a3c       0x28 /Applications/ArmGNUToolchain/15.2.rel1/arm-none-eabi/bin/../lib/gcc/arm-none-eabi/15.2.1/../../../../arm-none-eabi/lib/thumb/v7e-m+fp/hard/libg.a(libc_a-signalr.o)
                0x08011a3c                _kill_r
 .text._getpid_r
                0x08011a64        0x4 /Applications/ArmGNUToolchain/15.2.rel1/arm-none-eabi/bin/../lib/gcc/arm-none-eabi/15.2.1/../../../../arm-none-eabi/lib/thumb/v7e-m+fp/hard/libg.a(libc_a-signalr.o)
                0x08011a64                _getpid_r
 *(.glue_7)
 .glue_7        0x08011a68        0x0 linker stubs
 *(.glue_7t)
 .glue_7t       0x08011a68        0x0 linker stubs
 *(.eh_frame)
 .eh_frame      0x08011a68        0x0 /Applications/ArmGNUToolchain/15.2.rel1/arm-none-eabi/bin/../lib/gcc/arm-none-eabi/15.2.1/thumb/v7e-m+fp/hard/crtbegin.o
 *(.init)
 .init          0x08011a68        0x4 /Applications/ArmGNUToolchain/15.2.rel1/arm-none-eabi/bin/../lib/gcc/arm-none-eabi/15.2.1/thumb/v7e-m+fp/hard/crti.o
                0x08011a68                _init
 .init          0x08011a6c        0x8 /Applications/ArmGNUToolchain/15.2.rel1/arm-none-eabi/bin/../lib/gcc/arm-none-eabi/15.2.1/thumb/v7e-m+fp/hard/crtn.o
 *(.fini)
 .fini          0x08011a74        0x4 /Applications/ArmGNUToolchain/15.2.rel1/arm-none-eabi/bin/../lib/gcc/arm-none-eabi/15.2.1/thumb/v7e-m+fp/hard/crti.o
                0x08011a74                _fini
 .fini          0x08011a78        0x8 /Applications/ArmGNUToolchain/15.2.rel1/arm-none-eabi/bin/../lib/gcc/arm-none-eabi/15.2.1/thumb/v7e-m+fp/hard/crtn.o
                0x08011a80                        . = ALIGN (0x4)
                0x08011a80                        _etext = .

.vfp11_veneer   0x08011a80        0x0
 .vfp11_veneer  0x08011a80        0x0 linker stubs

.v4_bx          0x08011a80        0x0
 .v4_bx         0x08011a80        0x0 linker stubs

.iplt           0x08011a80        0x0
 .iplt          0x08011a80        0x0 /Applications/ArmGNUToolchain/15.2.rel1/arm-none-eabi/bin/../lib/gcc/arm-none-eabi/15.2.1/thumb/v7e-m+fp/hard/crtbegin.o

.rodata         0x08011a80      0x538
                0x08011a80                        . = ALIGN (0x4)
 *(.rodata)
 .rodata        0x08011a80       0x46 CMakeFiles/JD2_real.dir/USB_Device/App/usbd_desc.c.obj
 *fill*         0x08011ac6        0x2 
 .rodata        0x08011ac8       0xba CMakeFiles/JD2_real.dir/Core/Src/main.c.obj
 *(.rodata*)
 *fill*         0x08011b82        0x2 
 .rodata.AHBPrescTable
                0x08011b84       0x10 cmake/stm32cubemx/CMakeFiles/STM32_Drivers.dir/__/__/Core/Src/system_stm32g4xx.c.obj
                0x08011b84                AHBPrescTable
 .rodata.kVdivOptions_mV
                0x08011b94        0xa CMakeFiles/JD2_real.dir/Core/Src/main.c.obj
 *fill*         0x08011b9e        0x2 
 .rodata.kSdivOptions_us
                0x08011ba0       0x20 CMakeFiles/JD2_real.dir/Core/Src/main.c.obj
 .rodata._ctype_
                0x08011bc0      0x101 /Applications/ArmGNUToolchain/15.2.rel1/arm-none-eabi/bin/../lib/gcc/arm-none-eabi/15.2.1/../../../../arm-none-eabi/lib/thumb/v7e-m+fp/hard/libg.a(libc_a-ctype_.o)
                0x08011bc0                _ctype_
 *fill*         0x08011cc1        0x3 
 .rodata._svfprintf_r.str1.4
                0x08011cc4      0x1b7 /Applications/ArmGNUToolchain/15.2.rel1/arm-none-eabi/bin/../lib/gcc/arm-none-eabi/15.2.1/../../../../arm-none-eabi/lib/thumb/v7e-m+fp/hard/libg.a(libc_a-svfprintf.o)
                                 0x42 (size before relaxing)
 *fill*         0x08011e7b        0x1 
 .rodata.zeroes.0
                0x08011e7c       0x10 /Applications/ArmGNUToolchain/15.2.rel1/arm-none-eabi/bin/../lib/gcc/arm-none-eabi/15.2.1/../../../../arm-none-eabi/lib/thumb/v7e-m+fp/hard/libg.a(libc_a-svfprintf.o)
 .rodata.blanks.1
                0x08011e8c       0x10 /Applications/ArmGNUToolchain/15.2.rel1/arm-none-eabi/bin/../lib/gcc/arm-none-eabi/15.2.1/../../../../arm-none-eabi/lib/thumb/v7e-m+fp/hard/libg.a(libc_a-svfprintf.o)
 .rodata.str1.4
                0x08011e9c        0x0 /Applications/ArmGNUToolchain/15.2.rel1/arm-none-eabi/bin/../lib/gcc/arm-none-eabi/15.2.1/../../../../arm-none-eabi/lib/thumb/v7e-m+fp/hard/libg.a(libc_a-locale.o)
                                 0x4c (size before relaxing)
 .rodata._dtoa_r.str1.4
                0x08011e9c        0x0 /Applications/ArmGNUToolchain/15.2.rel1/arm-none-eabi/bin/../lib/gcc/arm-none-eabi/15.2.1/../../../../arm-none-eabi/lib/thumb/v7e-m+fp/hard/libg.a(libc_a-dtoa.o)
                                 0x89 (size before relaxing)
 .rodata.__multadd.str1.4
                0x08011e9c        0x0 /Applications/ArmGNUToolchain/15.2.rel1/arm-none-eabi/bin/../lib/gcc/arm-none-eabi/15.2.1/../../../../arm-none-eabi/lib/thumb/v7e-m+fp/hard/libg.a(libc_a-mprec.o)
                                 0x76 (size before relaxing)
 .rodata.p05.0  0x08011e9c        0xc /Applications/ArmGNUToolchain/15.2.rel1/arm-none-eabi/bin/../lib/gcc/arm-none-eabi/15.2.1/../../../../arm-none-eabi/lib/thumb/v7e-m+fp/hard/libg.a(libc_a-mprec.o)
 .rodata.__mprec_bigtens
                0x08011ea8       0x28 /Applications/ArmGNUToolchain/15.2.rel1/arm-none-eabi/bin/../lib/gcc/arm-none-eabi/15.2.1/../../../../arm-none-eabi/lib/thumb/v7e-m+fp/hard/libg.a(libc_a-mprec.o)
                0x08011ea8                __mprec_bigtens
 .rodata.__mprec_tens
                0x08011ed0       0xc8 /Applications/ArmGNUToolchain/15.2.rel1/arm-none-eabi/bin/../lib/gcc/arm-none-eabi/15.2.1/../../../../arm-none-eabi/lib/thumb/v7e-m+fp/hard/libg.a(libc_a-mprec.o)
                0x08011ed0                __mprec_tens
 .rodata.__assert_func.str1.4
                0x08011f98        0x0 /Applications/ArmGNUToolchain/15.2.rel1/arm-none-eabi/bin/../lib/gcc/arm-none-eabi/15.2.1/../../../../arm-none-eabi/lib/thumb/v7e-m+fp/hard/libg.a(libc_a-assert.o)
                                 0x43 (size before relaxing)
 .rodata._vfiprintf_r.str1.4
                0x08011f98        0x0 /Applications/ArmGNUToolchain/15.2.rel1/arm-none-eabi/bin/../lib/gcc/arm-none-eabi/15.2.1/../../../../arm-none-eabi/lib/thumb/v7e-m+fp/hard/libg.a(libc_a-vfiprintf.o)
                                 0x2f (size before relaxing)
 .rodata.zeroes.0
                0x08011f98       0x10 /Applications/ArmGNUToolchain/15.2.rel1/arm-none-eabi/bin/../lib/gcc/arm-none-eabi/15.2.1/../../../../arm-none-eabi/lib/thumb/v7e-m+fp/hard/libg.a(libc_a-vfiprintf.o)
 .rodata.blanks.1
                0x08011fa8       0x10 /Applications/ArmGNUToolchain/15.2.rel1/arm-none-eabi/bin/../lib/gcc/arm-none-eabi/15.2.1/../../../../arm-none-eabi/lib/thumb/v7e-m+fp/hard/libg.a(libc_a-vfiprintf.o)
                0x08011fb8                        . = ALIGN (0x4)

.ARM.extab      0x08011fb8        0x0
                0x08011fb8                        . = ALIGN (0x4)
 *(.ARM.extab* .gnu.linkonce.armextab.*)
                0x08011fb8                        . = ALIGN (0x4)

.ARM            0x08011fb8        0x8
                0x08011fb8                        . = ALIGN (0x4)
                0x08011fb8                        __exidx_start = .
 *(.ARM.exidx*)
 .ARM.exidx     0x08011fb8        0x8 /Applications/ArmGNUToolchain/15.2.rel1/arm-none-eabi/bin/../lib/gcc/arm-none-eabi/15.2.1/../../../../arm-none-eabi/lib/thumb/v7e-m+fp/hard/libg.a(libc_a-memchr.o)
 .ARM.exidx     0x08011fc0        0x0 /Applications/ArmGNUToolchain/15.2.rel1/arm-none-eabi/bin/../lib/gcc/arm-none-eabi/15.2.1/../../../../arm-none-eabi/lib/thumb/v7e-m+fp/hard/libg.a(libc_a-strlen.o)
                                  0x8 (size before relaxing)
 .ARM.exidx     0x08011fc0        0x0 /Applications/ArmGNUToolchain/15.2.rel1/arm-none-eabi/bin/../lib/gcc/arm-none-eabi/15.2.1/../../../../arm-none-eabi/lib/thumb/v7e-m+fp/hard/libg.a(libc_a-memcpy.o)
                                  0x8 (size before relaxing)
                0x08011fc0                        __exidx_end = .
                0x08011fc0                        . = ALIGN (0x4)

.preinit_array  0x08011fc0        0x0
                0x08011fc0                        . = ALIGN (0x4)
                0x08011fc0                        PROVIDE (__preinit_array_start = .)
 *(.preinit_array*)
                0x08011fc0                        PROVIDE (__preinit_array_end = .)
                0x08011fc0                        . = ALIGN (0x4)

.init_array     0x08011fc0        0x8
                0x08011fc0                        . = ALIGN (0x4)
                0x08011fc0                        PROVIDE (__init_array_start = .)
 *(SORT_BY_NAME(.init_array.*))
 .init_array.00000
                0x08011fc0        0x4 /Applications/ArmGNUToolchain/15.2.rel1/arm-none-eabi/bin/../lib/gcc/arm-none-eabi/15.2.1/../../../../arm-none-eabi/lib/thumb/v7e-m+fp/hard/libg.a(libc_a-__call_atexit.o)
 *(.init_array*)
 .init_array    0x08011fc4        0x4 /Applications/ArmGNUToolchain/15.2.rel1/arm-none-eabi/bin/../lib/gcc/arm-none-eabi/15.2.1/thumb/v7e-m+fp/hard/crtbegin.o
                0x08011fc8                        PROVIDE (__init_array_end = .)
                0x08011fc8                        . = ALIGN (0x4)

.fini_array     0x08011fc8        0x4
                0x08011fc8                        . = ALIGN (0x4)
                0x08011fc8                        PROVIDE (__fini_array_start = .)
 *(SORT_BY_NAME(.fini_array.*))
 *(.fini_array*)
 .fini_array    0x08011fc8        0x4 /Applications/ArmGNUToolchain/15.2.rel1/arm-none-eabi/bin/../lib/gcc/arm-none-eabi/15.2.1/thumb/v7e-m+fp/hard/crtbegin.o
                0x08011fcc                        PROVIDE (__fini_array_end = .)
                0x08011fcc                        . = ALIGN (0x4)
                0x08011fcc                        _sidata = LOADADDR (.data)

.rel.dyn        0x08011fcc        0x0
 .rel.iplt      0x08011fcc        0x0 /Applications/ArmGNUToolchain/15.2.rel1/arm-none-eabi/bin/../lib/gcc/arm-none-eabi/15.2.1/thumb/v7e-m+fp/hard/crtbegin.o

.data           0x20000000      0xa0c load address 0x08011fcc
                0x20000000                        . = ALIGN (0x4)
                0x20000000                        _sdata = .
 *(.data)
 *(.data*)
 .data.SystemCoreClock
                0x20000000        0x4 cmake/stm32cubemx/CMakeFiles/STM32_Drivers.dir/__/__/Core/Src/system_stm32g4xx.c.obj
                0x20000000                SystemCoreClock
 .data.uwTickPrio
                0x20000004        0x4 cmake/stm32cubemx/CMakeFiles/STM32_Drivers.dir/__/__/Drivers/STM32G4xx_HAL_Driver/Src/stm32g4xx_hal.c.obj
                0x20000004                uwTickPrio
 .data.uwTickFreq
                0x20000008        0x4 cmake/stm32cubemx/CMakeFiles/STM32_Drivers.dir/__/__/Drivers/STM32G4xx_HAL_Driver/Src/stm32g4xx_hal.c.obj
                0x20000008                uwTickFreq
 .data.USBD_CDC_DeviceQualifierDesc
                0x2000000c        0xa cmake/stm32cubemx/CMakeFiles/USB_Device_Library.dir/__/__/Middlewares/ST/STM32_USB_Device_Library/Class/CDC/Src/usbd_cdc.c.obj
 *fill*         0x20000016        0x2 
 .data.USBD_CDC
                0x20000018       0x38 cmake/stm32cubemx/CMakeFiles/USB_Device_Library.dir/__/__/Middlewares/ST/STM32_USB_Device_Library/Class/CDC/Src/usbd_cdc.c.obj
                0x20000018                USBD_CDC
 .data.USBD_CDC_CfgHSDesc
                0x20000050       0x43 cmake/stm32cubemx/CMakeFiles/USB_Device_Library.dir/__/__/Middlewares/ST/STM32_USB_Device_Library/Class/CDC/Src/usbd_cdc.c.obj
 *fill*         0x20000093        0x1 
 .data.USBD_CDC_CfgFSDesc
                0x20000094       0x43 cmake/stm32cubemx/CMakeFiles/USB_Device_Library.dir/__/__/Middlewares/ST/STM32_USB_Device_Library/Class/CDC/Src/usbd_cdc.c.obj
 *fill*         0x200000d7        0x1 
 .data.USBD_CDC_OtherSpeedCfgDesc
                0x200000d8       0x43 cmake/stm32cubemx/CMakeFiles/USB_Device_Library.dir/__/__/Middlewares/ST/STM32_USB_Device_Library/Class/CDC/Src/usbd_cdc.c.obj
 *fill*         0x2000011b        0x1 
 .data.CDC_Desc
                0x2000011c       0x20 CMakeFiles/JD2_real.dir/USB_Device/App/usbd_desc.c.obj
                0x2000011c                CDC_Desc
 .data.USBD_CDC_DeviceDesc
                0x2000013c       0x12 CMakeFiles/JD2_real.dir/USB_Device/App/usbd_desc.c.obj
                0x2000013c                USBD_CDC_DeviceDesc
 *fill*         0x2000014e        0x2 